============================================================

Input HTML Snippet:
<div class="list__content" bis_skin_checked="1"><h3><a href="/news/press-releases/PVH-Corp-to-Host-Conference-Call-to-Discuss-Fourth-Quarter-and-YearEnd-2024-Earnings-Results">PVH Corp. to Host Conference Call to Discuss Fourth Quarter and Year-End 2024 Earnings Results</a></h3><p class="list__description">NEW YORK --(BUSINESS WIRE)--Mar. 17, 2025-- PVH Corp. (NYSE: PVH) today announced that it will release its fourth quarter and year-end 2024 earnings results on Monday, March 31, 2025 , after the market closes. PVH will sponsor a conference call on Tuesday, April 1, 2025 , beginning at 9:00 A.M.</p><!----><p class="list__date">Mar 17, 2025</p></div>

============================================================

============================================================

Input HTML Snippet:
<div class="list__content" bis_skin_checked="1"><h3><a href="/news/press-releases/PVH-Corp-to-Host-Conference-Call-to-Discuss-Fourth-Quarter-and-YearEnd-2024-Earnings-Results">PVH Corp. to Host Conference Call to Discuss Fourth Quarter and Year-End 2024 Earnings Results</a></h3><p class="list__description">NEW YORK --(BUSINESS WIRE)--Mar. 17, 2025-- PVH Corp. (NYSE: PVH) today announced that it will release its fourth quarter and year-end 2024 earnings results on Monday, March 31, 2025 , after the market closes. PVH will sponsor a conference call on Tuesday, April 1, 2025 , beginning at 9:00 A.M.</p><!----><p class="list__date">Mar 17, 2025</p></div>

============================================================

============================================================

Input HTML Snippet:
<article class="clearfix node node--nir-news--nir-widget-list node--type-nir-news node--view-mode-nir-widget-list node--promoted">

  
      <div class="nir-widget--field nir-widget--news--date-time">
      27 Mar 2025
    </div>
  
            <div class="nir-widget--field nir-widget--news--headline">
          <a href="/news-releases/news-release-details/iff-and-kemira-form-joint-venture-produce-sustainable-biobased" hreflang="en">IFF and Kemira Form Joint Venture To Produce Sustainable Biobased Materials at Scale</a>
      </div>
      
  
  
  
  
  
  
</article>

============================================================

============================================================

Input HTML Snippet:
<p>Since 2004, we have published one integrated report covering our
  financial, environmental and social statements, as well as a
  management review.&nbsp;&nbsp;</p>

============================================================

============================================================

Input HTML Snippet:
<p>Not only does integrated reporting reflect our objective to
  ‘conduct   our activities in a financially, environmentally and
  socially   responsible way’, but by reporting in one inclusive
  document we   provide a more comprehensive overview of our
  performance, progress,   positions and strategic initiatives.&nbsp;</p>

============================================================

============================================================

Input HTML Snippet:
<p><a title="Link to our 2024 annual report" href="/content/dam/nncorp/global/en/investors/irmaterial/annual_report/2025/novo-nordisk-annual-report-2024.pdf" target="_blank">Annual Report 2024 (PDF)</a></p>

============================================================

============================================================

Input HTML Snippet:
<p><a title="Link to Annual Report 2023 (PDF)" href="/content/dam/nncorp/global/en/investors/irmaterial/annual_report/2024/novo-nordisk-annual-report-2023.pdf" target="_blank">Annual Report 2023 (PDF)</a></p>

============================================================

============================================================

Input HTML Snippet:
<p><a href="/content/dam/nncorp/global/en/investors/irmaterial/annual_report/2023/novo-nordisk-annual-report-2022.pdf" title="Link to Annual Report 2022 PDF" target="_blank">Annual Report
    2022 (PDF)</a></p>

============================================================

============================================================

Input HTML Snippet:
<p><a href="/content/dam/nncorp/global/en/investors/irmaterial/annual_report/2022/novo-nordisk-annual-report-2021.pdf" title="Open Annual Report 2021 (PDF)">Annual Report 2021 (PDF)</a></p>

============================================================

============================================================

Input HTML Snippet:
<p><a href="/content/dam/nncorp/global/en/investors/irmaterial/annual_report/2021/Novo-Nordisk-Annual-Report-2020.pdf" target="_blank" title="Annual Report 2020 (PDF)">Annual Report 2020 (PDF)</a></p>

============================================================

============================================================

Input HTML Snippet:
<p>Since 2004, we have published one integrated report covering our
  financial, environmental and social statements, as well as a
  management review.&nbsp;&nbsp;</p>

============================================================

============================================================

Input HTML Snippet:
<p>Not only does integrated reporting reflect our objective to
  ‘conduct   our activities in a financially, environmentally and
  socially   responsible way’, but by reporting in one inclusive
  document we   provide a more comprehensive overview of our
  performance, progress,   positions and strategic initiatives.&nbsp;</p>

============================================================

============================================================

Input HTML Snippet:
<p><a title="Link to our 2024 annual report" href="/content/dam/nncorp/global/en/investors/irmaterial/annual_report/2025/novo-nordisk-annual-report-2024.pdf" target="_blank">Annual Report 2024 (PDF)</a></p>

============================================================

