(Pypdl)  26-03-25 13:19:14 - ERROR: [Errno 21] Is a directory: '.downloads/'
Traceback (most recent call last):
  File "/home/abdulrauf/Projects/fin_scraper/new_env/lib/python3.12/site-packages/pypdl/consumer.py", line 53, in process_tasks
    await self._download(task)
  File "/home/abdulrauf/Projects/fin_scraper/new_env/lib/python3.12/site-packages/pypdl/consumer.py", line 100, in _download
    await self._single_segment(url, file_path, speed_limit, **kwargs)
  File "/home/abdulrauf/Projects/fin_scraper/new_env/lib/python3.12/site-packages/pypdl/consumer.py", line 125, in _single_segment
    await sd.worker(url, file_path, **kwargs)
  File "/home/abdulrauf/Projects/fin_scraper/new_env/lib/python3.12/site-packages/pypdl/downloader.py", line 44, in worker
    await self.download(url, file_path, "wb", **kwargs)
  File "/home/abdulrauf/Projects/fin_scraper/new_env/lib/python3.12/site-packages/pypdl/downloader.py", line 23, in download
    async with aiofiles.open(path, mode) as file:
  File "/home/abdulrauf/Projects/fin_scraper/new_env/lib/python3.12/site-packages/aiofiles/base.py", line 63, in __aenter__
    return await self
           ^^^^^^^^^^
  File "/home/abdulrauf/Projects/fin_scraper/new_env/lib/python3.12/site-packages/aiofiles/base.py", line 59, in __await__
    self._obj = yield from self._coro.__await__()
                ^^^^^^^^^^^^^^^^^^^^^^^^^^^^^^^^^
  File "/home/abdulrauf/Projects/fin_scraper/new_env/lib/python3.12/site-packages/aiofiles/threadpool/__init__.py", line 92, in _open
    f = await loop.run_in_executor(executor, cb)
        ^^^^^^^^^^^^^^^^^^^^^^^^^^^^^^^^^^^^^^^^
  File "/home/abdulrauf/Projects/anaconda3/lib/python3.12/concurrent/futures/thread.py", line 58, in run
    result = self.fn(*self.args, **self.kwargs)
             ^^^^^^^^^^^^^^^^^^^^^^^^^^^^^^^^^^
IsADirectoryError: [Errno 21] Is a directory: '.downloads/'
(Pypdl)  26-03-25 13:19:16 - ERROR: [Errno 21] Is a directory: '.downloads/'
Traceback (most recent call last):
  File "/home/abdulrauf/Projects/fin_scraper/new_env/lib/python3.12/site-packages/pypdl/consumer.py", line 53, in process_tasks
    await self._download(task)
  File "/home/abdulrauf/Projects/fin_scraper/new_env/lib/python3.12/site-packages/pypdl/consumer.py", line 100, in _download
    await self._single_segment(url, file_path, speed_limit, **kwargs)
  File "/home/abdulrauf/Projects/fin_scraper/new_env/lib/python3.12/site-packages/pypdl/consumer.py", line 125, in _single_segment
    await sd.worker(url, file_path, **kwargs)
  File "/home/abdulrauf/Projects/fin_scraper/new_env/lib/python3.12/site-packages/pypdl/downloader.py", line 44, in worker
    await self.download(url, file_path, "wb", **kwargs)
  File "/home/abdulrauf/Projects/fin_scraper/new_env/lib/python3.12/site-packages/pypdl/downloader.py", line 23, in download
    async with aiofiles.open(path, mode) as file:
  File "/home/abdulrauf/Projects/fin_scraper/new_env/lib/python3.12/site-packages/aiofiles/base.py", line 63, in __aenter__
    return await self
           ^^^^^^^^^^
  File "/home/abdulrauf/Projects/fin_scraper/new_env/lib/python3.12/site-packages/aiofiles/base.py", line 59, in __await__
    self._obj = yield from self._coro.__await__()
                ^^^^^^^^^^^^^^^^^^^^^^^^^^^^^^^^^
  File "/home/abdulrauf/Projects/fin_scraper/new_env/lib/python3.12/site-packages/aiofiles/threadpool/__init__.py", line 92, in _open
    f = await loop.run_in_executor(executor, cb)
        ^^^^^^^^^^^^^^^^^^^^^^^^^^^^^^^^^^^^^^^^
  File "/home/abdulrauf/Projects/anaconda3/lib/python3.12/concurrent/futures/thread.py", line 58, in run
    result = self.fn(*self.args, **self.kwargs)
             ^^^^^^^^^^^^^^^^^^^^^^^^^^^^^^^^^^
IsADirectoryError: [Errno 21] Is a directory: '.downloads/'
(Pypdl)  26-03-25 13:19:17 - ERROR: [Errno 21] Is a directory: '.downloads/'
Traceback (most recent call last):
  File "/home/abdulrauf/Projects/fin_scraper/new_env/lib/python3.12/site-packages/pypdl/consumer.py", line 53, in process_tasks
    await self._download(task)
  File "/home/abdulrauf/Projects/fin_scraper/new_env/lib/python3.12/site-packages/pypdl/consumer.py", line 100, in _download
    await self._single_segment(url, file_path, speed_limit, **kwargs)
  File "/home/abdulrauf/Projects/fin_scraper/new_env/lib/python3.12/site-packages/pypdl/consumer.py", line 125, in _single_segment
    await sd.worker(url, file_path, **kwargs)
  File "/home/abdulrauf/Projects/fin_scraper/new_env/lib/python3.12/site-packages/pypdl/downloader.py", line 44, in worker
    await self.download(url, file_path, "wb", **kwargs)
  File "/home/abdulrauf/Projects/fin_scraper/new_env/lib/python3.12/site-packages/pypdl/downloader.py", line 23, in download
    async with aiofiles.open(path, mode) as file:
  File "/home/abdulrauf/Projects/fin_scraper/new_env/lib/python3.12/site-packages/aiofiles/base.py", line 63, in __aenter__
    return await self
           ^^^^^^^^^^
  File "/home/abdulrauf/Projects/fin_scraper/new_env/lib/python3.12/site-packages/aiofiles/base.py", line 59, in __await__
    self._obj = yield from self._coro.__await__()
                ^^^^^^^^^^^^^^^^^^^^^^^^^^^^^^^^^
  File "/home/abdulrauf/Projects/fin_scraper/new_env/lib/python3.12/site-packages/aiofiles/threadpool/__init__.py", line 92, in _open
    f = await loop.run_in_executor(executor, cb)
        ^^^^^^^^^^^^^^^^^^^^^^^^^^^^^^^^^^^^^^^^
  File "/home/abdulrauf/Projects/anaconda3/lib/python3.12/concurrent/futures/thread.py", line 58, in run
    result = self.fn(*self.args, **self.kwargs)
             ^^^^^^^^^^^^^^^^^^^^^^^^^^^^^^^^^^
IsADirectoryError: [Errno 21] Is a directory: '.downloads/'
(Pypdl)  26-03-25 13:19:19 - ERROR: [Errno 21] Is a directory: '.downloads/'
Traceback (most recent call last):
  File "/home/abdulrauf/Projects/fin_scraper/new_env/lib/python3.12/site-packages/pypdl/consumer.py", line 53, in process_tasks
    await self._download(task)
  File "/home/abdulrauf/Projects/fin_scraper/new_env/lib/python3.12/site-packages/pypdl/consumer.py", line 100, in _download
    await self._single_segment(url, file_path, speed_limit, **kwargs)
  File "/home/abdulrauf/Projects/fin_scraper/new_env/lib/python3.12/site-packages/pypdl/consumer.py", line 125, in _single_segment
    await sd.worker(url, file_path, **kwargs)
  File "/home/abdulrauf/Projects/fin_scraper/new_env/lib/python3.12/site-packages/pypdl/downloader.py", line 44, in worker
    await self.download(url, file_path, "wb", **kwargs)
  File "/home/abdulrauf/Projects/fin_scraper/new_env/lib/python3.12/site-packages/pypdl/downloader.py", line 23, in download
    async with aiofiles.open(path, mode) as file:
  File "/home/abdulrauf/Projects/fin_scraper/new_env/lib/python3.12/site-packages/aiofiles/base.py", line 63, in __aenter__
    return await self
           ^^^^^^^^^^
  File "/home/abdulrauf/Projects/fin_scraper/new_env/lib/python3.12/site-packages/aiofiles/base.py", line 59, in __await__
    self._obj = yield from self._coro.__await__()
                ^^^^^^^^^^^^^^^^^^^^^^^^^^^^^^^^^
  File "/home/abdulrauf/Projects/fin_scraper/new_env/lib/python3.12/site-packages/aiofiles/threadpool/__init__.py", line 92, in _open
    f = await loop.run_in_executor(executor, cb)
        ^^^^^^^^^^^^^^^^^^^^^^^^^^^^^^^^^^^^^^^^
  File "/home/abdulrauf/Projects/anaconda3/lib/python3.12/concurrent/futures/thread.py", line 58, in run
    result = self.fn(*self.args, **self.kwargs)
             ^^^^^^^^^^^^^^^^^^^^^^^^^^^^^^^^^^
IsADirectoryError: [Errno 21] Is a directory: '.downloads/'
(Pypdl)  26-03-25 13:19:45 - ERROR: [Errno 21] Is a directory: '.downloads/'
Traceback (most recent call last):
  File "/home/abdulrauf/Projects/fin_scraper/new_env/lib/python3.12/site-packages/pypdl/consumer.py", line 53, in process_tasks
    await self._download(task)
  File "/home/abdulrauf/Projects/fin_scraper/new_env/lib/python3.12/site-packages/pypdl/consumer.py", line 100, in _download
    await self._single_segment(url, file_path, speed_limit, **kwargs)
  File "/home/abdulrauf/Projects/fin_scraper/new_env/lib/python3.12/site-packages/pypdl/consumer.py", line 125, in _single_segment
    await sd.worker(url, file_path, **kwargs)
  File "/home/abdulrauf/Projects/fin_scraper/new_env/lib/python3.12/site-packages/pypdl/downloader.py", line 44, in worker
    await self.download(url, file_path, "wb", **kwargs)
  File "/home/abdulrauf/Projects/fin_scraper/new_env/lib/python3.12/site-packages/pypdl/downloader.py", line 23, in download
    async with aiofiles.open(path, mode) as file:
  File "/home/abdulrauf/Projects/fin_scraper/new_env/lib/python3.12/site-packages/aiofiles/base.py", line 63, in __aenter__
    return await self
           ^^^^^^^^^^
  File "/home/abdulrauf/Projects/fin_scraper/new_env/lib/python3.12/site-packages/aiofiles/base.py", line 59, in __await__
    self._obj = yield from self._coro.__await__()
                ^^^^^^^^^^^^^^^^^^^^^^^^^^^^^^^^^
  File "/home/abdulrauf/Projects/fin_scraper/new_env/lib/python3.12/site-packages/aiofiles/threadpool/__init__.py", line 92, in _open
    f = await loop.run_in_executor(executor, cb)
        ^^^^^^^^^^^^^^^^^^^^^^^^^^^^^^^^^^^^^^^^
  File "/home/abdulrauf/Projects/anaconda3/lib/python3.12/concurrent/futures/thread.py", line 58, in run
    result = self.fn(*self.args, **self.kwargs)
             ^^^^^^^^^^^^^^^^^^^^^^^^^^^^^^^^^^
IsADirectoryError: [Errno 21] Is a directory: '.downloads/'
(Pypdl)  26-03-25 13:19:46 - ERROR: [Errno 21] Is a directory: '.downloads/'
Traceback (most recent call last):
  File "/home/abdulrauf/Projects/fin_scraper/new_env/lib/python3.12/site-packages/pypdl/consumer.py", line 53, in process_tasks
    await self._download(task)
  File "/home/abdulrauf/Projects/fin_scraper/new_env/lib/python3.12/site-packages/pypdl/consumer.py", line 100, in _download
    await self._single_segment(url, file_path, speed_limit, **kwargs)
  File "/home/abdulrauf/Projects/fin_scraper/new_env/lib/python3.12/site-packages/pypdl/consumer.py", line 125, in _single_segment
    await sd.worker(url, file_path, **kwargs)
  File "/home/abdulrauf/Projects/fin_scraper/new_env/lib/python3.12/site-packages/pypdl/downloader.py", line 44, in worker
    await self.download(url, file_path, "wb", **kwargs)
  File "/home/abdulrauf/Projects/fin_scraper/new_env/lib/python3.12/site-packages/pypdl/downloader.py", line 23, in download
    async with aiofiles.open(path, mode) as file:
  File "/home/abdulrauf/Projects/fin_scraper/new_env/lib/python3.12/site-packages/aiofiles/base.py", line 63, in __aenter__
    return await self
           ^^^^^^^^^^
  File "/home/abdulrauf/Projects/fin_scraper/new_env/lib/python3.12/site-packages/aiofiles/base.py", line 59, in __await__
    self._obj = yield from self._coro.__await__()
                ^^^^^^^^^^^^^^^^^^^^^^^^^^^^^^^^^
  File "/home/abdulrauf/Projects/fin_scraper/new_env/lib/python3.12/site-packages/aiofiles/threadpool/__init__.py", line 92, in _open
    f = await loop.run_in_executor(executor, cb)
        ^^^^^^^^^^^^^^^^^^^^^^^^^^^^^^^^^^^^^^^^
  File "/home/abdulrauf/Projects/anaconda3/lib/python3.12/concurrent/futures/thread.py", line 58, in run
    result = self.fn(*self.args, **self.kwargs)
             ^^^^^^^^^^^^^^^^^^^^^^^^^^^^^^^^^^
IsADirectoryError: [Errno 21] Is a directory: '.downloads/'
(Pypdl)  26-03-25 13:19:47 - ERROR: [Errno 21] Is a directory: '.downloads/'
Traceback (most recent call last):
  File "/home/abdulrauf/Projects/fin_scraper/new_env/lib/python3.12/site-packages/pypdl/consumer.py", line 53, in process_tasks
    await self._download(task)
  File "/home/abdulrauf/Projects/fin_scraper/new_env/lib/python3.12/site-packages/pypdl/consumer.py", line 100, in _download
    await self._single_segment(url, file_path, speed_limit, **kwargs)
  File "/home/abdulrauf/Projects/fin_scraper/new_env/lib/python3.12/site-packages/pypdl/consumer.py", line 125, in _single_segment
    await sd.worker(url, file_path, **kwargs)
  File "/home/abdulrauf/Projects/fin_scraper/new_env/lib/python3.12/site-packages/pypdl/downloader.py", line 44, in worker
    await self.download(url, file_path, "wb", **kwargs)
  File "/home/abdulrauf/Projects/fin_scraper/new_env/lib/python3.12/site-packages/pypdl/downloader.py", line 23, in download
    async with aiofiles.open(path, mode) as file:
  File "/home/abdulrauf/Projects/fin_scraper/new_env/lib/python3.12/site-packages/aiofiles/base.py", line 63, in __aenter__
    return await self
           ^^^^^^^^^^
  File "/home/abdulrauf/Projects/fin_scraper/new_env/lib/python3.12/site-packages/aiofiles/base.py", line 59, in __await__
    self._obj = yield from self._coro.__await__()
                ^^^^^^^^^^^^^^^^^^^^^^^^^^^^^^^^^
  File "/home/abdulrauf/Projects/fin_scraper/new_env/lib/python3.12/site-packages/aiofiles/threadpool/__init__.py", line 92, in _open
    f = await loop.run_in_executor(executor, cb)
        ^^^^^^^^^^^^^^^^^^^^^^^^^^^^^^^^^^^^^^^^
  File "/home/abdulrauf/Projects/anaconda3/lib/python3.12/concurrent/futures/thread.py", line 58, in run
    result = self.fn(*self.args, **self.kwargs)
             ^^^^^^^^^^^^^^^^^^^^^^^^^^^^^^^^^^
IsADirectoryError: [Errno 21] Is a directory: '.downloads/'
(Pypdl)  26-03-25 13:19:48 - ERROR: [Errno 21] Is a directory: '.downloads/'
Traceback (most recent call last):
  File "/home/abdulrauf/Projects/fin_scraper/new_env/lib/python3.12/site-packages/pypdl/consumer.py", line 53, in process_tasks
    await self._download(task)
  File "/home/abdulrauf/Projects/fin_scraper/new_env/lib/python3.12/site-packages/pypdl/consumer.py", line 100, in _download
    await self._single_segment(url, file_path, speed_limit, **kwargs)
  File "/home/abdulrauf/Projects/fin_scraper/new_env/lib/python3.12/site-packages/pypdl/consumer.py", line 125, in _single_segment
    await sd.worker(url, file_path, **kwargs)
  File "/home/abdulrauf/Projects/fin_scraper/new_env/lib/python3.12/site-packages/pypdl/downloader.py", line 44, in worker
    await self.download(url, file_path, "wb", **kwargs)
  File "/home/abdulrauf/Projects/fin_scraper/new_env/lib/python3.12/site-packages/pypdl/downloader.py", line 23, in download
    async with aiofiles.open(path, mode) as file:
  File "/home/abdulrauf/Projects/fin_scraper/new_env/lib/python3.12/site-packages/aiofiles/base.py", line 63, in __aenter__
    return await self
           ^^^^^^^^^^
  File "/home/abdulrauf/Projects/fin_scraper/new_env/lib/python3.12/site-packages/aiofiles/base.py", line 59, in __await__
    self._obj = yield from self._coro.__await__()
                ^^^^^^^^^^^^^^^^^^^^^^^^^^^^^^^^^
  File "/home/abdulrauf/Projects/fin_scraper/new_env/lib/python3.12/site-packages/aiofiles/threadpool/__init__.py", line 92, in _open
    f = await loop.run_in_executor(executor, cb)
        ^^^^^^^^^^^^^^^^^^^^^^^^^^^^^^^^^^^^^^^^
  File "/home/abdulrauf/Projects/anaconda3/lib/python3.12/concurrent/futures/thread.py", line 58, in run
    result = self.fn(*self.args, **self.kwargs)
             ^^^^^^^^^^^^^^^^^^^^^^^^^^^^^^^^^^
IsADirectoryError: [Errno 21] Is a directory: '.downloads/'
(Pypdl)  26-03-25 13:20:09 - ERROR: [Errno 21] Is a directory: '.downloads/'
Traceback (most recent call last):
  File "/home/abdulrauf/Projects/fin_scraper/new_env/lib/python3.12/site-packages/pypdl/consumer.py", line 53, in process_tasks
    await self._download(task)
  File "/home/abdulrauf/Projects/fin_scraper/new_env/lib/python3.12/site-packages/pypdl/consumer.py", line 100, in _download
    await self._single_segment(url, file_path, speed_limit, **kwargs)
  File "/home/abdulrauf/Projects/fin_scraper/new_env/lib/python3.12/site-packages/pypdl/consumer.py", line 125, in _single_segment
    await sd.worker(url, file_path, **kwargs)
  File "/home/abdulrauf/Projects/fin_scraper/new_env/lib/python3.12/site-packages/pypdl/downloader.py", line 44, in worker
    await self.download(url, file_path, "wb", **kwargs)
  File "/home/abdulrauf/Projects/fin_scraper/new_env/lib/python3.12/site-packages/pypdl/downloader.py", line 23, in download
    async with aiofiles.open(path, mode) as file:
  File "/home/abdulrauf/Projects/fin_scraper/new_env/lib/python3.12/site-packages/aiofiles/base.py", line 63, in __aenter__
    return await self
           ^^^^^^^^^^
  File "/home/abdulrauf/Projects/fin_scraper/new_env/lib/python3.12/site-packages/aiofiles/base.py", line 59, in __await__
    self._obj = yield from self._coro.__await__()
                ^^^^^^^^^^^^^^^^^^^^^^^^^^^^^^^^^
  File "/home/abdulrauf/Projects/fin_scraper/new_env/lib/python3.12/site-packages/aiofiles/threadpool/__init__.py", line 92, in _open
    f = await loop.run_in_executor(executor, cb)
        ^^^^^^^^^^^^^^^^^^^^^^^^^^^^^^^^^^^^^^^^
  File "/home/abdulrauf/Projects/anaconda3/lib/python3.12/concurrent/futures/thread.py", line 58, in run
    result = self.fn(*self.args, **self.kwargs)
             ^^^^^^^^^^^^^^^^^^^^^^^^^^^^^^^^^^
IsADirectoryError: [Errno 21] Is a directory: '.downloads/'
(Pypdl)  26-03-25 13:20:10 - ERROR: [Errno 21] Is a directory: '.downloads/'
Traceback (most recent call last):
  File "/home/abdulrauf/Projects/fin_scraper/new_env/lib/python3.12/site-packages/pypdl/consumer.py", line 53, in process_tasks
    await self._download(task)
  File "/home/abdulrauf/Projects/fin_scraper/new_env/lib/python3.12/site-packages/pypdl/consumer.py", line 100, in _download
    await self._single_segment(url, file_path, speed_limit, **kwargs)
  File "/home/abdulrauf/Projects/fin_scraper/new_env/lib/python3.12/site-packages/pypdl/consumer.py", line 125, in _single_segment
    await sd.worker(url, file_path, **kwargs)
  File "/home/abdulrauf/Projects/fin_scraper/new_env/lib/python3.12/site-packages/pypdl/downloader.py", line 44, in worker
    await self.download(url, file_path, "wb", **kwargs)
  File "/home/abdulrauf/Projects/fin_scraper/new_env/lib/python3.12/site-packages/pypdl/downloader.py", line 23, in download
    async with aiofiles.open(path, mode) as file:
  File "/home/abdulrauf/Projects/fin_scraper/new_env/lib/python3.12/site-packages/aiofiles/base.py", line 63, in __aenter__
    return await self
           ^^^^^^^^^^
  File "/home/abdulrauf/Projects/fin_scraper/new_env/lib/python3.12/site-packages/aiofiles/base.py", line 59, in __await__
    self._obj = yield from self._coro.__await__()
                ^^^^^^^^^^^^^^^^^^^^^^^^^^^^^^^^^
  File "/home/abdulrauf/Projects/fin_scraper/new_env/lib/python3.12/site-packages/aiofiles/threadpool/__init__.py", line 92, in _open
    f = await loop.run_in_executor(executor, cb)
        ^^^^^^^^^^^^^^^^^^^^^^^^^^^^^^^^^^^^^^^^
  File "/home/abdulrauf/Projects/anaconda3/lib/python3.12/concurrent/futures/thread.py", line 58, in run
    result = self.fn(*self.args, **self.kwargs)
             ^^^^^^^^^^^^^^^^^^^^^^^^^^^^^^^^^^
IsADirectoryError: [Errno 21] Is a directory: '.downloads/'
(Pypdl)  26-03-25 13:20:12 - ERROR: [Errno 21] Is a directory: '.downloads/'
Traceback (most recent call last):
  File "/home/abdulrauf/Projects/fin_scraper/new_env/lib/python3.12/site-packages/pypdl/consumer.py", line 53, in process_tasks
    await self._download(task)
  File "/home/abdulrauf/Projects/fin_scraper/new_env/lib/python3.12/site-packages/pypdl/consumer.py", line 100, in _download
    await self._single_segment(url, file_path, speed_limit, **kwargs)
  File "/home/abdulrauf/Projects/fin_scraper/new_env/lib/python3.12/site-packages/pypdl/consumer.py", line 125, in _single_segment
    await sd.worker(url, file_path, **kwargs)
  File "/home/abdulrauf/Projects/fin_scraper/new_env/lib/python3.12/site-packages/pypdl/downloader.py", line 44, in worker
    await self.download(url, file_path, "wb", **kwargs)
  File "/home/abdulrauf/Projects/fin_scraper/new_env/lib/python3.12/site-packages/pypdl/downloader.py", line 23, in download
    async with aiofiles.open(path, mode) as file:
  File "/home/abdulrauf/Projects/fin_scraper/new_env/lib/python3.12/site-packages/aiofiles/base.py", line 63, in __aenter__
    return await self
           ^^^^^^^^^^
  File "/home/abdulrauf/Projects/fin_scraper/new_env/lib/python3.12/site-packages/aiofiles/base.py", line 59, in __await__
    self._obj = yield from self._coro.__await__()
                ^^^^^^^^^^^^^^^^^^^^^^^^^^^^^^^^^
  File "/home/abdulrauf/Projects/fin_scraper/new_env/lib/python3.12/site-packages/aiofiles/threadpool/__init__.py", line 92, in _open
    f = await loop.run_in_executor(executor, cb)
        ^^^^^^^^^^^^^^^^^^^^^^^^^^^^^^^^^^^^^^^^
  File "/home/abdulrauf/Projects/anaconda3/lib/python3.12/concurrent/futures/thread.py", line 58, in run
    result = self.fn(*self.args, **self.kwargs)
             ^^^^^^^^^^^^^^^^^^^^^^^^^^^^^^^^^^
IsADirectoryError: [Errno 21] Is a directory: '.downloads/'
(Pypdl)  26-03-25 13:20:13 - ERROR: [Errno 21] Is a directory: '.downloads/'
Traceback (most recent call last):
  File "/home/abdulrauf/Projects/fin_scraper/new_env/lib/python3.12/site-packages/pypdl/consumer.py", line 53, in process_tasks
    await self._download(task)
  File "/home/abdulrauf/Projects/fin_scraper/new_env/lib/python3.12/site-packages/pypdl/consumer.py", line 100, in _download
    await self._single_segment(url, file_path, speed_limit, **kwargs)
  File "/home/abdulrauf/Projects/fin_scraper/new_env/lib/python3.12/site-packages/pypdl/consumer.py", line 125, in _single_segment
    await sd.worker(url, file_path, **kwargs)
  File "/home/abdulrauf/Projects/fin_scraper/new_env/lib/python3.12/site-packages/pypdl/downloader.py", line 44, in worker
    await self.download(url, file_path, "wb", **kwargs)
  File "/home/abdulrauf/Projects/fin_scraper/new_env/lib/python3.12/site-packages/pypdl/downloader.py", line 23, in download
    async with aiofiles.open(path, mode) as file:
  File "/home/abdulrauf/Projects/fin_scraper/new_env/lib/python3.12/site-packages/aiofiles/base.py", line 63, in __aenter__
    return await self
           ^^^^^^^^^^
  File "/home/abdulrauf/Projects/fin_scraper/new_env/lib/python3.12/site-packages/aiofiles/base.py", line 59, in __await__
    self._obj = yield from self._coro.__await__()
                ^^^^^^^^^^^^^^^^^^^^^^^^^^^^^^^^^
  File "/home/abdulrauf/Projects/fin_scraper/new_env/lib/python3.12/site-packages/aiofiles/threadpool/__init__.py", line 92, in _open
    f = await loop.run_in_executor(executor, cb)
        ^^^^^^^^^^^^^^^^^^^^^^^^^^^^^^^^^^^^^^^^
  File "/home/abdulrauf/Projects/anaconda3/lib/python3.12/concurrent/futures/thread.py", line 58, in run
    result = self.fn(*self.args, **self.kwargs)
             ^^^^^^^^^^^^^^^^^^^^^^^^^^^^^^^^^^
IsADirectoryError: [Errno 21] Is a directory: '.downloads/'
(Pypdl)  26-03-25 13:30:53 - ERROR: Response payload is not completed: <ContentLengthError: 400, message='Not enough data for satisfy content length header.'>
Traceback (most recent call last):
  File "/home/abdulrauf/Projects/fin_scraper/new_env/lib/python3.12/site-packages/aiohttp/client_proto.py", line 93, in connection_lost
    uncompleted = self._parser.feed_eof()
                  ^^^^^^^^^^^^^^^^^^^^^^^
  File "aiohttp/_http_parser.pyx", line 511, in aiohttp._http_parser.HttpParser.feed_eof
aiohttp.http_exceptions.ContentLengthError: 400, message:
  Not enough data for satisfy content length header.

The above exception was the direct cause of the following exception:

Traceback (most recent call last):
  File "/home/abdulrauf/Projects/fin_scraper/new_env/lib/python3.12/site-packages/pypdl/consumer.py", line 53, in process_tasks
    await self._download(task)
  File "/home/abdulrauf/Projects/fin_scraper/new_env/lib/python3.12/site-packages/pypdl/consumer.py", line 100, in _download
    await self._single_segment(url, file_path, speed_limit, **kwargs)
  File "/home/abdulrauf/Projects/fin_scraper/new_env/lib/python3.12/site-packages/pypdl/consumer.py", line 125, in _single_segment
    await sd.worker(url, file_path, **kwargs)
  File "/home/abdulrauf/Projects/fin_scraper/new_env/lib/python3.12/site-packages/pypdl/downloader.py", line 44, in worker
    await self.download(url, file_path, "wb", **kwargs)
  File "/home/abdulrauf/Projects/fin_scraper/new_env/lib/python3.12/site-packages/pypdl/downloader.py", line 24, in download
    async for chunk in response.content.iter_chunked(MEGABYTE):
  File "/home/abdulrauf/Projects/fin_scraper/new_env/lib/python3.12/site-packages/aiohttp/streams.py", line 52, in __anext__
    rv = await self.read_func()
         ^^^^^^^^^^^^^^^^^^^^^^
  File "/home/abdulrauf/Projects/fin_scraper/new_env/lib/python3.12/site-packages/aiohttp/streams.py", line 428, in read
    await self._wait("read")
  File "/home/abdulrauf/Projects/fin_scraper/new_env/lib/python3.12/site-packages/aiohttp/streams.py", line 347, in _wait
    await waiter
aiohttp.client_exceptions.ClientPayloadError: Response payload is not completed: <ContentLengthError: 400, message='Not enough data for satisfy content length header.'>
(Pypdl)  26-03-25 16:09:22 - ERROR: 403, message='Forbidden', url='https://www.sec.gov/ix?doc=/Archives/edgar/data/21344/000155278124000313/e24242_ko-8k.htm'
Traceback (most recent call last):
  File "/home/abdulrauf/Projects/fin_scraper/new_env/lib/python3.12/site-packages/pypdl/producer.py", line 53, in enqueue_tasks
    ) = await self._fetch_task_info(
        ^^^^^^^^^^^^^^^^^^^^^^^^^^^^
  File "/home/abdulrauf/Projects/fin_scraper/new_env/lib/python3.12/site-packages/pypdl/producer.py", line 120, in _fetch_task_info
    header = await self._fetch_header(url, **kwargs)
             ^^^^^^^^^^^^^^^^^^^^^^^^^^^^^^^^^^^^^^^
  File "/home/abdulrauf/Projects/fin_scraper/new_env/lib/python3.12/site-packages/pypdl/producer.py", line 153, in _fetch_header
    async with self._session.get(url, **kwargs) as response:
  File "/home/abdulrauf/Projects/fin_scraper/new_env/lib/python3.12/site-packages/aiohttp/client.py", line 1425, in __aenter__
    self._resp: _RetType = await self._coro
                           ^^^^^^^^^^^^^^^^
  File "/home/abdulrauf/Projects/fin_scraper/new_env/lib/python3.12/site-packages/aiohttp/client.py", line 834, in _request
    resp.raise_for_status()
  File "/home/abdulrauf/Projects/fin_scraper/new_env/lib/python3.12/site-packages/aiohttp/client_reqrep.py", line 1161, in raise_for_status
    raise ClientResponseError(
aiohttp.client_exceptions.ClientResponseError: 403, message='Forbidden', url='https://www.sec.gov/ix?doc=/Archives/edgar/data/21344/000155278124000313/e24242_ko-8k.htm'
(Pypdl)  26-03-25 16:09:25 - ERROR: 403, message='Forbidden', url='https://www.sec.gov/ix?doc=/Archives/edgar/data/21344/000155278124000313/e24242_ko-8k.htm'
Traceback (most recent call last):
  File "/home/abdulrauf/Projects/fin_scraper/new_env/lib/python3.12/site-packages/pypdl/producer.py", line 53, in enqueue_tasks
    ) = await self._fetch_task_info(
        ^^^^^^^^^^^^^^^^^^^^^^^^^^^^
  File "/home/abdulrauf/Projects/fin_scraper/new_env/lib/python3.12/site-packages/pypdl/producer.py", line 120, in _fetch_task_info
    header = await self._fetch_header(url, **kwargs)
             ^^^^^^^^^^^^^^^^^^^^^^^^^^^^^^^^^^^^^^^
  File "/home/abdulrauf/Projects/fin_scraper/new_env/lib/python3.12/site-packages/pypdl/producer.py", line 153, in _fetch_header
    async with self._session.get(url, **kwargs) as response:
  File "/home/abdulrauf/Projects/fin_scraper/new_env/lib/python3.12/site-packages/aiohttp/client.py", line 1425, in __aenter__
    self._resp: _RetType = await self._coro
                           ^^^^^^^^^^^^^^^^
  File "/home/abdulrauf/Projects/fin_scraper/new_env/lib/python3.12/site-packages/aiohttp/client.py", line 834, in _request
    resp.raise_for_status()
  File "/home/abdulrauf/Projects/fin_scraper/new_env/lib/python3.12/site-packages/aiohttp/client_reqrep.py", line 1161, in raise_for_status
    raise ClientResponseError(
aiohttp.client_exceptions.ClientResponseError: 403, message='Forbidden', url='https://www.sec.gov/ix?doc=/Archives/edgar/data/21344/000155278124000313/e24242_ko-8k.htm'
(Pypdl)  26-03-25 16:09:29 - ERROR: 403, message='Forbidden', url='https://www.sec.gov/ix?doc=/Archives/edgar/data/21344/000155278124000313/e24242_ko-8k.htm'
Traceback (most recent call last):
  File "/home/abdulrauf/Projects/fin_scraper/new_env/lib/python3.12/site-packages/pypdl/producer.py", line 53, in enqueue_tasks
    ) = await self._fetch_task_info(
        ^^^^^^^^^^^^^^^^^^^^^^^^^^^^
  File "/home/abdulrauf/Projects/fin_scraper/new_env/lib/python3.12/site-packages/pypdl/producer.py", line 120, in _fetch_task_info
    header = await self._fetch_header(url, **kwargs)
             ^^^^^^^^^^^^^^^^^^^^^^^^^^^^^^^^^^^^^^^
  File "/home/abdulrauf/Projects/fin_scraper/new_env/lib/python3.12/site-packages/pypdl/producer.py", line 153, in _fetch_header
    async with self._session.get(url, **kwargs) as response:
  File "/home/abdulrauf/Projects/fin_scraper/new_env/lib/python3.12/site-packages/aiohttp/client.py", line 1425, in __aenter__
    self._resp: _RetType = await self._coro
                           ^^^^^^^^^^^^^^^^
  File "/home/abdulrauf/Projects/fin_scraper/new_env/lib/python3.12/site-packages/aiohttp/client.py", line 834, in _request
    resp.raise_for_status()
  File "/home/abdulrauf/Projects/fin_scraper/new_env/lib/python3.12/site-packages/aiohttp/client_reqrep.py", line 1161, in raise_for_status
    raise ClientResponseError(
aiohttp.client_exceptions.ClientResponseError: 403, message='Forbidden', url='https://www.sec.gov/ix?doc=/Archives/edgar/data/21344/000155278124000313/e24242_ko-8k.htm'
(Pypdl)  26-03-25 16:09:32 - ERROR: 403, message='Forbidden', url='https://www.sec.gov/ix?doc=/Archives/edgar/data/21344/000155278124000313/e24242_ko-8k.htm'
Traceback (most recent call last):
  File "/home/abdulrauf/Projects/fin_scraper/new_env/lib/python3.12/site-packages/pypdl/producer.py", line 53, in enqueue_tasks
    ) = await self._fetch_task_info(
        ^^^^^^^^^^^^^^^^^^^^^^^^^^^^
  File "/home/abdulrauf/Projects/fin_scraper/new_env/lib/python3.12/site-packages/pypdl/producer.py", line 120, in _fetch_task_info
    header = await self._fetch_header(url, **kwargs)
             ^^^^^^^^^^^^^^^^^^^^^^^^^^^^^^^^^^^^^^^
  File "/home/abdulrauf/Projects/fin_scraper/new_env/lib/python3.12/site-packages/pypdl/producer.py", line 153, in _fetch_header
    async with self._session.get(url, **kwargs) as response:
  File "/home/abdulrauf/Projects/fin_scraper/new_env/lib/python3.12/site-packages/aiohttp/client.py", line 1425, in __aenter__
    self._resp: _RetType = await self._coro
                           ^^^^^^^^^^^^^^^^
  File "/home/abdulrauf/Projects/fin_scraper/new_env/lib/python3.12/site-packages/aiohttp/client.py", line 834, in _request
    resp.raise_for_status()
  File "/home/abdulrauf/Projects/fin_scraper/new_env/lib/python3.12/site-packages/aiohttp/client_reqrep.py", line 1161, in raise_for_status
    raise ClientResponseError(
aiohttp.client_exceptions.ClientResponseError: 403, message='Forbidden', url='https://www.sec.gov/ix?doc=/Archives/edgar/data/21344/000155278124000313/e24242_ko-8k.htm'
(Pypdl)  26-03-25 16:10:08 - ERROR: 403, message='Forbidden', url='https://www.sec.gov/ix?doc=/Archives/edgar/data/21344/000155278124000313/e24242_ko-8k.htm'
Traceback (most recent call last):
  File "/home/abdulrauf/Projects/fin_scraper/new_env/lib/python3.12/site-packages/pypdl/producer.py", line 53, in enqueue_tasks
    ) = await self._fetch_task_info(
        ^^^^^^^^^^^^^^^^^^^^^^^^^^^^
  File "/home/abdulrauf/Projects/fin_scraper/new_env/lib/python3.12/site-packages/pypdl/producer.py", line 120, in _fetch_task_info
    header = await self._fetch_header(url, **kwargs)
             ^^^^^^^^^^^^^^^^^^^^^^^^^^^^^^^^^^^^^^^
  File "/home/abdulrauf/Projects/fin_scraper/new_env/lib/python3.12/site-packages/pypdl/producer.py", line 153, in _fetch_header
    async with self._session.get(url, **kwargs) as response:
  File "/home/abdulrauf/Projects/fin_scraper/new_env/lib/python3.12/site-packages/aiohttp/client.py", line 1425, in __aenter__
    self._resp: _RetType = await self._coro
                           ^^^^^^^^^^^^^^^^
  File "/home/abdulrauf/Projects/fin_scraper/new_env/lib/python3.12/site-packages/aiohttp/client.py", line 834, in _request
    resp.raise_for_status()
  File "/home/abdulrauf/Projects/fin_scraper/new_env/lib/python3.12/site-packages/aiohttp/client_reqrep.py", line 1161, in raise_for_status
    raise ClientResponseError(
aiohttp.client_exceptions.ClientResponseError: 403, message='Forbidden', url='https://www.sec.gov/ix?doc=/Archives/edgar/data/21344/000155278124000313/e24242_ko-8k.htm'
(Pypdl)  26-03-25 16:10:12 - ERROR: 403, message='Forbidden', url='https://www.sec.gov/ix?doc=/Archives/edgar/data/21344/000155278124000313/e24242_ko-8k.htm'
Traceback (most recent call last):
  File "/home/abdulrauf/Projects/fin_scraper/new_env/lib/python3.12/site-packages/pypdl/producer.py", line 53, in enqueue_tasks
    ) = await self._fetch_task_info(
        ^^^^^^^^^^^^^^^^^^^^^^^^^^^^
  File "/home/abdulrauf/Projects/fin_scraper/new_env/lib/python3.12/site-packages/pypdl/producer.py", line 120, in _fetch_task_info
    header = await self._fetch_header(url, **kwargs)
             ^^^^^^^^^^^^^^^^^^^^^^^^^^^^^^^^^^^^^^^
  File "/home/abdulrauf/Projects/fin_scraper/new_env/lib/python3.12/site-packages/pypdl/producer.py", line 153, in _fetch_header
    async with self._session.get(url, **kwargs) as response:
  File "/home/abdulrauf/Projects/fin_scraper/new_env/lib/python3.12/site-packages/aiohttp/client.py", line 1425, in __aenter__
    self._resp: _RetType = await self._coro
                           ^^^^^^^^^^^^^^^^
  File "/home/abdulrauf/Projects/fin_scraper/new_env/lib/python3.12/site-packages/aiohttp/client.py", line 834, in _request
    resp.raise_for_status()
  File "/home/abdulrauf/Projects/fin_scraper/new_env/lib/python3.12/site-packages/aiohttp/client_reqrep.py", line 1161, in raise_for_status
    raise ClientResponseError(
aiohttp.client_exceptions.ClientResponseError: 403, message='Forbidden', url='https://www.sec.gov/ix?doc=/Archives/edgar/data/21344/000155278124000313/e24242_ko-8k.htm'
(Pypdl)  26-03-25 16:10:15 - ERROR: 403, message='Forbidden', url='https://www.sec.gov/ix?doc=/Archives/edgar/data/21344/000155278124000313/e24242_ko-8k.htm'
Traceback (most recent call last):
  File "/home/abdulrauf/Projects/fin_scraper/new_env/lib/python3.12/site-packages/pypdl/producer.py", line 53, in enqueue_tasks
    ) = await self._fetch_task_info(
        ^^^^^^^^^^^^^^^^^^^^^^^^^^^^
  File "/home/abdulrauf/Projects/fin_scraper/new_env/lib/python3.12/site-packages/pypdl/producer.py", line 120, in _fetch_task_info
    header = await self._fetch_header(url, **kwargs)
             ^^^^^^^^^^^^^^^^^^^^^^^^^^^^^^^^^^^^^^^
  File "/home/abdulrauf/Projects/fin_scraper/new_env/lib/python3.12/site-packages/pypdl/producer.py", line 153, in _fetch_header
    async with self._session.get(url, **kwargs) as response:
  File "/home/abdulrauf/Projects/fin_scraper/new_env/lib/python3.12/site-packages/aiohttp/client.py", line 1425, in __aenter__
    self._resp: _RetType = await self._coro
                           ^^^^^^^^^^^^^^^^
  File "/home/abdulrauf/Projects/fin_scraper/new_env/lib/python3.12/site-packages/aiohttp/client.py", line 834, in _request
    resp.raise_for_status()
  File "/home/abdulrauf/Projects/fin_scraper/new_env/lib/python3.12/site-packages/aiohttp/client_reqrep.py", line 1161, in raise_for_status
    raise ClientResponseError(
aiohttp.client_exceptions.ClientResponseError: 403, message='Forbidden', url='https://www.sec.gov/ix?doc=/Archives/edgar/data/21344/000155278124000313/e24242_ko-8k.htm'
(Pypdl)  26-03-25 16:10:19 - ERROR: 403, message='Forbidden', url='https://www.sec.gov/ix?doc=/Archives/edgar/data/21344/000155278124000313/e24242_ko-8k.htm'
Traceback (most recent call last):
  File "/home/abdulrauf/Projects/fin_scraper/new_env/lib/python3.12/site-packages/pypdl/producer.py", line 53, in enqueue_tasks
    ) = await self._fetch_task_info(
        ^^^^^^^^^^^^^^^^^^^^^^^^^^^^
  File "/home/abdulrauf/Projects/fin_scraper/new_env/lib/python3.12/site-packages/pypdl/producer.py", line 120, in _fetch_task_info
    header = await self._fetch_header(url, **kwargs)
             ^^^^^^^^^^^^^^^^^^^^^^^^^^^^^^^^^^^^^^^
  File "/home/abdulrauf/Projects/fin_scraper/new_env/lib/python3.12/site-packages/pypdl/producer.py", line 153, in _fetch_header
    async with self._session.get(url, **kwargs) as response:
  File "/home/abdulrauf/Projects/fin_scraper/new_env/lib/python3.12/site-packages/aiohttp/client.py", line 1425, in __aenter__
    self._resp: _RetType = await self._coro
                           ^^^^^^^^^^^^^^^^
  File "/home/abdulrauf/Projects/fin_scraper/new_env/lib/python3.12/site-packages/aiohttp/client.py", line 834, in _request
    resp.raise_for_status()
  File "/home/abdulrauf/Projects/fin_scraper/new_env/lib/python3.12/site-packages/aiohttp/client_reqrep.py", line 1161, in raise_for_status
    raise ClientResponseError(
aiohttp.client_exceptions.ClientResponseError: 403, message='Forbidden', url='https://www.sec.gov/ix?doc=/Archives/edgar/data/21344/000155278124000313/e24242_ko-8k.htm'
(Pypdl)  26-03-25 16:11:14 - ERROR: 403, message='Forbidden', url='https://www.sec.gov/ix?doc=/Archives/edgar/data/21344/000155278124000313/e24242_ko-8k.htm'
Traceback (most recent call last):
  File "/home/abdulrauf/Projects/fin_scraper/new_env/lib/python3.12/site-packages/pypdl/producer.py", line 53, in enqueue_tasks
    ) = await self._fetch_task_info(
        ^^^^^^^^^^^^^^^^^^^^^^^^^^^^
  File "/home/abdulrauf/Projects/fin_scraper/new_env/lib/python3.12/site-packages/pypdl/producer.py", line 120, in _fetch_task_info
    header = await self._fetch_header(url, **kwargs)
             ^^^^^^^^^^^^^^^^^^^^^^^^^^^^^^^^^^^^^^^
  File "/home/abdulrauf/Projects/fin_scraper/new_env/lib/python3.12/site-packages/pypdl/producer.py", line 153, in _fetch_header
    async with self._session.get(url, **kwargs) as response:
  File "/home/abdulrauf/Projects/fin_scraper/new_env/lib/python3.12/site-packages/aiohttp/client.py", line 1425, in __aenter__
    self._resp: _RetType = await self._coro
                           ^^^^^^^^^^^^^^^^
  File "/home/abdulrauf/Projects/fin_scraper/new_env/lib/python3.12/site-packages/aiohttp/client.py", line 834, in _request
    resp.raise_for_status()
  File "/home/abdulrauf/Projects/fin_scraper/new_env/lib/python3.12/site-packages/aiohttp/client_reqrep.py", line 1161, in raise_for_status
    raise ClientResponseError(
aiohttp.client_exceptions.ClientResponseError: 403, message='Forbidden', url='https://www.sec.gov/ix?doc=/Archives/edgar/data/21344/000155278124000313/e24242_ko-8k.htm'
(Pypdl)  26-03-25 16:11:17 - ERROR: 403, message='Forbidden', url='https://www.sec.gov/ix?doc=/Archives/edgar/data/21344/000155278124000313/e24242_ko-8k.htm'
Traceback (most recent call last):
  File "/home/abdulrauf/Projects/fin_scraper/new_env/lib/python3.12/site-packages/pypdl/producer.py", line 53, in enqueue_tasks
    ) = await self._fetch_task_info(
        ^^^^^^^^^^^^^^^^^^^^^^^^^^^^
  File "/home/abdulrauf/Projects/fin_scraper/new_env/lib/python3.12/site-packages/pypdl/producer.py", line 120, in _fetch_task_info
    header = await self._fetch_header(url, **kwargs)
             ^^^^^^^^^^^^^^^^^^^^^^^^^^^^^^^^^^^^^^^
  File "/home/abdulrauf/Projects/fin_scraper/new_env/lib/python3.12/site-packages/pypdl/producer.py", line 153, in _fetch_header
    async with self._session.get(url, **kwargs) as response:
  File "/home/abdulrauf/Projects/fin_scraper/new_env/lib/python3.12/site-packages/aiohttp/client.py", line 1425, in __aenter__
    self._resp: _RetType = await self._coro
                           ^^^^^^^^^^^^^^^^
  File "/home/abdulrauf/Projects/fin_scraper/new_env/lib/python3.12/site-packages/aiohttp/client.py", line 834, in _request
    resp.raise_for_status()
  File "/home/abdulrauf/Projects/fin_scraper/new_env/lib/python3.12/site-packages/aiohttp/client_reqrep.py", line 1161, in raise_for_status
    raise ClientResponseError(
aiohttp.client_exceptions.ClientResponseError: 403, message='Forbidden', url='https://www.sec.gov/ix?doc=/Archives/edgar/data/21344/000155278124000313/e24242_ko-8k.htm'
(Pypdl)  26-03-25 16:11:21 - ERROR: 403, message='Forbidden', url='https://www.sec.gov/ix?doc=/Archives/edgar/data/21344/000155278124000313/e24242_ko-8k.htm'
Traceback (most recent call last):
  File "/home/abdulrauf/Projects/fin_scraper/new_env/lib/python3.12/site-packages/pypdl/producer.py", line 53, in enqueue_tasks
    ) = await self._fetch_task_info(
        ^^^^^^^^^^^^^^^^^^^^^^^^^^^^
  File "/home/abdulrauf/Projects/fin_scraper/new_env/lib/python3.12/site-packages/pypdl/producer.py", line 120, in _fetch_task_info
    header = await self._fetch_header(url, **kwargs)
             ^^^^^^^^^^^^^^^^^^^^^^^^^^^^^^^^^^^^^^^
  File "/home/abdulrauf/Projects/fin_scraper/new_env/lib/python3.12/site-packages/pypdl/producer.py", line 153, in _fetch_header
    async with self._session.get(url, **kwargs) as response:
  File "/home/abdulrauf/Projects/fin_scraper/new_env/lib/python3.12/site-packages/aiohttp/client.py", line 1425, in __aenter__
    self._resp: _RetType = await self._coro
                           ^^^^^^^^^^^^^^^^
  File "/home/abdulrauf/Projects/fin_scraper/new_env/lib/python3.12/site-packages/aiohttp/client.py", line 834, in _request
    resp.raise_for_status()
  File "/home/abdulrauf/Projects/fin_scraper/new_env/lib/python3.12/site-packages/aiohttp/client_reqrep.py", line 1161, in raise_for_status
    raise ClientResponseError(
aiohttp.client_exceptions.ClientResponseError: 403, message='Forbidden', url='https://www.sec.gov/ix?doc=/Archives/edgar/data/21344/000155278124000313/e24242_ko-8k.htm'
(Pypdl)  26-03-25 16:11:24 - ERROR: 403, message='Forbidden', url='https://www.sec.gov/ix?doc=/Archives/edgar/data/21344/000155278124000313/e24242_ko-8k.htm'
Traceback (most recent call last):
  File "/home/abdulrauf/Projects/fin_scraper/new_env/lib/python3.12/site-packages/pypdl/producer.py", line 53, in enqueue_tasks
    ) = await self._fetch_task_info(
        ^^^^^^^^^^^^^^^^^^^^^^^^^^^^
  File "/home/abdulrauf/Projects/fin_scraper/new_env/lib/python3.12/site-packages/pypdl/producer.py", line 120, in _fetch_task_info
    header = await self._fetch_header(url, **kwargs)
             ^^^^^^^^^^^^^^^^^^^^^^^^^^^^^^^^^^^^^^^
  File "/home/abdulrauf/Projects/fin_scraper/new_env/lib/python3.12/site-packages/pypdl/producer.py", line 153, in _fetch_header
    async with self._session.get(url, **kwargs) as response:
  File "/home/abdulrauf/Projects/fin_scraper/new_env/lib/python3.12/site-packages/aiohttp/client.py", line 1425, in __aenter__
    self._resp: _RetType = await self._coro
                           ^^^^^^^^^^^^^^^^
  File "/home/abdulrauf/Projects/fin_scraper/new_env/lib/python3.12/site-packages/aiohttp/client.py", line 834, in _request
    resp.raise_for_status()
  File "/home/abdulrauf/Projects/fin_scraper/new_env/lib/python3.12/site-packages/aiohttp/client_reqrep.py", line 1161, in raise_for_status
    raise ClientResponseError(
aiohttp.client_exceptions.ClientResponseError: 403, message='Forbidden', url='https://www.sec.gov/ix?doc=/Archives/edgar/data/21344/000155278124000313/e24242_ko-8k.htm'
(Pypdl)  26-03-25 16:13:24 - ERROR: 403, message='Forbidden', url='https://www.sec.gov/ix?doc=/Archives/edgar/data/21344/000155278124000313/e24242_ko-8k.htm'
Traceback (most recent call last):
  File "/home/abdulrauf/Projects/fin_scraper/new_env/lib/python3.12/site-packages/pypdl/producer.py", line 53, in enqueue_tasks
    ) = await self._fetch_task_info(
        ^^^^^^^^^^^^^^^^^^^^^^^^^^^^
  File "/home/abdulrauf/Projects/fin_scraper/new_env/lib/python3.12/site-packages/pypdl/producer.py", line 120, in _fetch_task_info
    header = await self._fetch_header(url, **kwargs)
             ^^^^^^^^^^^^^^^^^^^^^^^^^^^^^^^^^^^^^^^
  File "/home/abdulrauf/Projects/fin_scraper/new_env/lib/python3.12/site-packages/pypdl/producer.py", line 153, in _fetch_header
    async with self._session.get(url, **kwargs) as response:
  File "/home/abdulrauf/Projects/fin_scraper/new_env/lib/python3.12/site-packages/aiohttp/client.py", line 1425, in __aenter__
    self._resp: _RetType = await self._coro
                           ^^^^^^^^^^^^^^^^
  File "/home/abdulrauf/Projects/fin_scraper/new_env/lib/python3.12/site-packages/aiohttp/client.py", line 834, in _request
    resp.raise_for_status()
  File "/home/abdulrauf/Projects/fin_scraper/new_env/lib/python3.12/site-packages/aiohttp/client_reqrep.py", line 1161, in raise_for_status
    raise ClientResponseError(
aiohttp.client_exceptions.ClientResponseError: 403, message='Forbidden', url='https://www.sec.gov/ix?doc=/Archives/edgar/data/21344/000155278124000313/e24242_ko-8k.htm'
(Pypdl)  26-03-25 16:13:27 - ERROR: 403, message='Forbidden', url='https://www.sec.gov/ix?doc=/Archives/edgar/data/21344/000155278124000313/e24242_ko-8k.htm'
Traceback (most recent call last):
  File "/home/abdulrauf/Projects/fin_scraper/new_env/lib/python3.12/site-packages/pypdl/producer.py", line 53, in enqueue_tasks
    ) = await self._fetch_task_info(
        ^^^^^^^^^^^^^^^^^^^^^^^^^^^^
  File "/home/abdulrauf/Projects/fin_scraper/new_env/lib/python3.12/site-packages/pypdl/producer.py", line 120, in _fetch_task_info
    header = await self._fetch_header(url, **kwargs)
             ^^^^^^^^^^^^^^^^^^^^^^^^^^^^^^^^^^^^^^^
  File "/home/abdulrauf/Projects/fin_scraper/new_env/lib/python3.12/site-packages/pypdl/producer.py", line 153, in _fetch_header
    async with self._session.get(url, **kwargs) as response:
  File "/home/abdulrauf/Projects/fin_scraper/new_env/lib/python3.12/site-packages/aiohttp/client.py", line 1425, in __aenter__
    self._resp: _RetType = await self._coro
                           ^^^^^^^^^^^^^^^^
  File "/home/abdulrauf/Projects/fin_scraper/new_env/lib/python3.12/site-packages/aiohttp/client.py", line 834, in _request
    resp.raise_for_status()
  File "/home/abdulrauf/Projects/fin_scraper/new_env/lib/python3.12/site-packages/aiohttp/client_reqrep.py", line 1161, in raise_for_status
    raise ClientResponseError(
aiohttp.client_exceptions.ClientResponseError: 403, message='Forbidden', url='https://www.sec.gov/ix?doc=/Archives/edgar/data/21344/000155278124000313/e24242_ko-8k.htm'
(Pypdl)  26-03-25 16:13:31 - ERROR: 403, message='Forbidden', url='https://www.sec.gov/ix?doc=/Archives/edgar/data/21344/000155278124000313/e24242_ko-8k.htm'
Traceback (most recent call last):
  File "/home/abdulrauf/Projects/fin_scraper/new_env/lib/python3.12/site-packages/pypdl/producer.py", line 53, in enqueue_tasks
    ) = await self._fetch_task_info(
        ^^^^^^^^^^^^^^^^^^^^^^^^^^^^
  File "/home/abdulrauf/Projects/fin_scraper/new_env/lib/python3.12/site-packages/pypdl/producer.py", line 120, in _fetch_task_info
    header = await self._fetch_header(url, **kwargs)
             ^^^^^^^^^^^^^^^^^^^^^^^^^^^^^^^^^^^^^^^
  File "/home/abdulrauf/Projects/fin_scraper/new_env/lib/python3.12/site-packages/pypdl/producer.py", line 153, in _fetch_header
    async with self._session.get(url, **kwargs) as response:
  File "/home/abdulrauf/Projects/fin_scraper/new_env/lib/python3.12/site-packages/aiohttp/client.py", line 1425, in __aenter__
    self._resp: _RetType = await self._coro
                           ^^^^^^^^^^^^^^^^
  File "/home/abdulrauf/Projects/fin_scraper/new_env/lib/python3.12/site-packages/aiohttp/client.py", line 834, in _request
    resp.raise_for_status()
  File "/home/abdulrauf/Projects/fin_scraper/new_env/lib/python3.12/site-packages/aiohttp/client_reqrep.py", line 1161, in raise_for_status
    raise ClientResponseError(
aiohttp.client_exceptions.ClientResponseError: 403, message='Forbidden', url='https://www.sec.gov/ix?doc=/Archives/edgar/data/21344/000155278124000313/e24242_ko-8k.htm'
(Pypdl)  26-03-25 16:13:34 - ERROR: 403, message='Forbidden', url='https://www.sec.gov/ix?doc=/Archives/edgar/data/21344/000155278124000313/e24242_ko-8k.htm'
Traceback (most recent call last):
  File "/home/abdulrauf/Projects/fin_scraper/new_env/lib/python3.12/site-packages/pypdl/producer.py", line 53, in enqueue_tasks
    ) = await self._fetch_task_info(
        ^^^^^^^^^^^^^^^^^^^^^^^^^^^^
  File "/home/abdulrauf/Projects/fin_scraper/new_env/lib/python3.12/site-packages/pypdl/producer.py", line 120, in _fetch_task_info
    header = await self._fetch_header(url, **kwargs)
             ^^^^^^^^^^^^^^^^^^^^^^^^^^^^^^^^^^^^^^^
  File "/home/abdulrauf/Projects/fin_scraper/new_env/lib/python3.12/site-packages/pypdl/producer.py", line 153, in _fetch_header
    async with self._session.get(url, **kwargs) as response:
  File "/home/abdulrauf/Projects/fin_scraper/new_env/lib/python3.12/site-packages/aiohttp/client.py", line 1425, in __aenter__
    self._resp: _RetType = await self._coro
                           ^^^^^^^^^^^^^^^^
  File "/home/abdulrauf/Projects/fin_scraper/new_env/lib/python3.12/site-packages/aiohttp/client.py", line 834, in _request
    resp.raise_for_status()
  File "/home/abdulrauf/Projects/fin_scraper/new_env/lib/python3.12/site-packages/aiohttp/client_reqrep.py", line 1161, in raise_for_status
    raise ClientResponseError(
aiohttp.client_exceptions.ClientResponseError: 403, message='Forbidden', url='https://www.sec.gov/ix?doc=/Archives/edgar/data/21344/000155278124000313/e24242_ko-8k.htm'
(Pypdl)  26-03-25 16:15:49 - ERROR: 403, message='Forbidden', url='https://www.sec.gov/ix?doc=/Archives/edgar/data/21344/000155278124000313/e24242_ko-8k.htm'
Traceback (most recent call last):
  File "/home/abdulrauf/Projects/fin_scraper/new_env/lib/python3.12/site-packages/pypdl/producer.py", line 53, in enqueue_tasks
    ) = await self._fetch_task_info(
        ^^^^^^^^^^^^^^^^^^^^^^^^^^^^
  File "/home/abdulrauf/Projects/fin_scraper/new_env/lib/python3.12/site-packages/pypdl/producer.py", line 120, in _fetch_task_info
    header = await self._fetch_header(url, **kwargs)
             ^^^^^^^^^^^^^^^^^^^^^^^^^^^^^^^^^^^^^^^
  File "/home/abdulrauf/Projects/fin_scraper/new_env/lib/python3.12/site-packages/pypdl/producer.py", line 153, in _fetch_header
    async with self._session.get(url, **kwargs) as response:
  File "/home/abdulrauf/Projects/fin_scraper/new_env/lib/python3.12/site-packages/aiohttp/client.py", line 1425, in __aenter__
    self._resp: _RetType = await self._coro
                           ^^^^^^^^^^^^^^^^
  File "/home/abdulrauf/Projects/fin_scraper/new_env/lib/python3.12/site-packages/aiohttp/client.py", line 834, in _request
    resp.raise_for_status()
  File "/home/abdulrauf/Projects/fin_scraper/new_env/lib/python3.12/site-packages/aiohttp/client_reqrep.py", line 1161, in raise_for_status
    raise ClientResponseError(
aiohttp.client_exceptions.ClientResponseError: 403, message='Forbidden', url='https://www.sec.gov/ix?doc=/Archives/edgar/data/21344/000155278124000313/e24242_ko-8k.htm'
(Pypdl)  26-03-25 16:15:52 - ERROR: 403, message='Forbidden', url='https://www.sec.gov/ix?doc=/Archives/edgar/data/21344/000155278124000313/e24242_ko-8k.htm'
Traceback (most recent call last):
  File "/home/abdulrauf/Projects/fin_scraper/new_env/lib/python3.12/site-packages/pypdl/producer.py", line 53, in enqueue_tasks
    ) = await self._fetch_task_info(
        ^^^^^^^^^^^^^^^^^^^^^^^^^^^^
  File "/home/abdulrauf/Projects/fin_scraper/new_env/lib/python3.12/site-packages/pypdl/producer.py", line 120, in _fetch_task_info
    header = await self._fetch_header(url, **kwargs)
             ^^^^^^^^^^^^^^^^^^^^^^^^^^^^^^^^^^^^^^^
  File "/home/abdulrauf/Projects/fin_scraper/new_env/lib/python3.12/site-packages/pypdl/producer.py", line 153, in _fetch_header
    async with self._session.get(url, **kwargs) as response:
  File "/home/abdulrauf/Projects/fin_scraper/new_env/lib/python3.12/site-packages/aiohttp/client.py", line 1425, in __aenter__
    self._resp: _RetType = await self._coro
                           ^^^^^^^^^^^^^^^^
  File "/home/abdulrauf/Projects/fin_scraper/new_env/lib/python3.12/site-packages/aiohttp/client.py", line 834, in _request
    resp.raise_for_status()
  File "/home/abdulrauf/Projects/fin_scraper/new_env/lib/python3.12/site-packages/aiohttp/client_reqrep.py", line 1161, in raise_for_status
    raise ClientResponseError(
aiohttp.client_exceptions.ClientResponseError: 403, message='Forbidden', url='https://www.sec.gov/ix?doc=/Archives/edgar/data/21344/000155278124000313/e24242_ko-8k.htm'
(Pypdl)  26-03-25 16:15:55 - ERROR: 403, message='Forbidden', url='https://www.sec.gov/ix?doc=/Archives/edgar/data/21344/000155278124000313/e24242_ko-8k.htm'
Traceback (most recent call last):
  File "/home/abdulrauf/Projects/fin_scraper/new_env/lib/python3.12/site-packages/pypdl/producer.py", line 53, in enqueue_tasks
    ) = await self._fetch_task_info(
        ^^^^^^^^^^^^^^^^^^^^^^^^^^^^
  File "/home/abdulrauf/Projects/fin_scraper/new_env/lib/python3.12/site-packages/pypdl/producer.py", line 120, in _fetch_task_info
    header = await self._fetch_header(url, **kwargs)
             ^^^^^^^^^^^^^^^^^^^^^^^^^^^^^^^^^^^^^^^
  File "/home/abdulrauf/Projects/fin_scraper/new_env/lib/python3.12/site-packages/pypdl/producer.py", line 153, in _fetch_header
    async with self._session.get(url, **kwargs) as response:
  File "/home/abdulrauf/Projects/fin_scraper/new_env/lib/python3.12/site-packages/aiohttp/client.py", line 1425, in __aenter__
    self._resp: _RetType = await self._coro
                           ^^^^^^^^^^^^^^^^
  File "/home/abdulrauf/Projects/fin_scraper/new_env/lib/python3.12/site-packages/aiohttp/client.py", line 834, in _request
    resp.raise_for_status()
  File "/home/abdulrauf/Projects/fin_scraper/new_env/lib/python3.12/site-packages/aiohttp/client_reqrep.py", line 1161, in raise_for_status
    raise ClientResponseError(
aiohttp.client_exceptions.ClientResponseError: 403, message='Forbidden', url='https://www.sec.gov/ix?doc=/Archives/edgar/data/21344/000155278124000313/e24242_ko-8k.htm'
(Pypdl)  26-03-25 16:15:59 - ERROR: 403, message='Forbidden', url='https://www.sec.gov/ix?doc=/Archives/edgar/data/21344/000155278124000313/e24242_ko-8k.htm'
Traceback (most recent call last):
  File "/home/abdulrauf/Projects/fin_scraper/new_env/lib/python3.12/site-packages/pypdl/producer.py", line 53, in enqueue_tasks
    ) = await self._fetch_task_info(
        ^^^^^^^^^^^^^^^^^^^^^^^^^^^^
  File "/home/abdulrauf/Projects/fin_scraper/new_env/lib/python3.12/site-packages/pypdl/producer.py", line 120, in _fetch_task_info
    header = await self._fetch_header(url, **kwargs)
             ^^^^^^^^^^^^^^^^^^^^^^^^^^^^^^^^^^^^^^^
  File "/home/abdulrauf/Projects/fin_scraper/new_env/lib/python3.12/site-packages/pypdl/producer.py", line 153, in _fetch_header
    async with self._session.get(url, **kwargs) as response:
  File "/home/abdulrauf/Projects/fin_scraper/new_env/lib/python3.12/site-packages/aiohttp/client.py", line 1425, in __aenter__
    self._resp: _RetType = await self._coro
                           ^^^^^^^^^^^^^^^^
  File "/home/abdulrauf/Projects/fin_scraper/new_env/lib/python3.12/site-packages/aiohttp/client.py", line 834, in _request
    resp.raise_for_status()
  File "/home/abdulrauf/Projects/fin_scraper/new_env/lib/python3.12/site-packages/aiohttp/client_reqrep.py", line 1161, in raise_for_status
    raise ClientResponseError(
aiohttp.client_exceptions.ClientResponseError: 403, message='Forbidden', url='https://www.sec.gov/ix?doc=/Archives/edgar/data/21344/000155278124000313/e24242_ko-8k.htm'
(Pypdl)  26-03-25 16:16:27 - ERROR: 403, message='Forbidden', url='https://www.sec.gov/ix?doc=/Archives/edgar/data/21344/000155278124000313/e24242_ko-8k.htm'
Traceback (most recent call last):
  File "/home/abdulrauf/Projects/fin_scraper/new_env/lib/python3.12/site-packages/pypdl/producer.py", line 53, in enqueue_tasks
    ) = await self._fetch_task_info(
        ^^^^^^^^^^^^^^^^^^^^^^^^^^^^
  File "/home/abdulrauf/Projects/fin_scraper/new_env/lib/python3.12/site-packages/pypdl/producer.py", line 120, in _fetch_task_info
    header = await self._fetch_header(url, **kwargs)
             ^^^^^^^^^^^^^^^^^^^^^^^^^^^^^^^^^^^^^^^
  File "/home/abdulrauf/Projects/fin_scraper/new_env/lib/python3.12/site-packages/pypdl/producer.py", line 153, in _fetch_header
    async with self._session.get(url, **kwargs) as response:
  File "/home/abdulrauf/Projects/fin_scraper/new_env/lib/python3.12/site-packages/aiohttp/client.py", line 1425, in __aenter__
    self._resp: _RetType = await self._coro
                           ^^^^^^^^^^^^^^^^
  File "/home/abdulrauf/Projects/fin_scraper/new_env/lib/python3.12/site-packages/aiohttp/client.py", line 834, in _request
    resp.raise_for_status()
  File "/home/abdulrauf/Projects/fin_scraper/new_env/lib/python3.12/site-packages/aiohttp/client_reqrep.py", line 1161, in raise_for_status
    raise ClientResponseError(
aiohttp.client_exceptions.ClientResponseError: 403, message='Forbidden', url='https://www.sec.gov/ix?doc=/Archives/edgar/data/21344/000155278124000313/e24242_ko-8k.htm'
(Pypdl)  26-03-25 16:16:30 - ERROR: 403, message='Forbidden', url='https://www.sec.gov/ix?doc=/Archives/edgar/data/21344/000155278124000313/e24242_ko-8k.htm'
Traceback (most recent call last):
  File "/home/abdulrauf/Projects/fin_scraper/new_env/lib/python3.12/site-packages/pypdl/producer.py", line 53, in enqueue_tasks
    ) = await self._fetch_task_info(
        ^^^^^^^^^^^^^^^^^^^^^^^^^^^^
  File "/home/abdulrauf/Projects/fin_scraper/new_env/lib/python3.12/site-packages/pypdl/producer.py", line 120, in _fetch_task_info
    header = await self._fetch_header(url, **kwargs)
             ^^^^^^^^^^^^^^^^^^^^^^^^^^^^^^^^^^^^^^^
  File "/home/abdulrauf/Projects/fin_scraper/new_env/lib/python3.12/site-packages/pypdl/producer.py", line 153, in _fetch_header
    async with self._session.get(url, **kwargs) as response:
  File "/home/abdulrauf/Projects/fin_scraper/new_env/lib/python3.12/site-packages/aiohttp/client.py", line 1425, in __aenter__
    self._resp: _RetType = await self._coro
                           ^^^^^^^^^^^^^^^^
  File "/home/abdulrauf/Projects/fin_scraper/new_env/lib/python3.12/site-packages/aiohttp/client.py", line 834, in _request
    resp.raise_for_status()
  File "/home/abdulrauf/Projects/fin_scraper/new_env/lib/python3.12/site-packages/aiohttp/client_reqrep.py", line 1161, in raise_for_status
    raise ClientResponseError(
aiohttp.client_exceptions.ClientResponseError: 403, message='Forbidden', url='https://www.sec.gov/ix?doc=/Archives/edgar/data/21344/000155278124000313/e24242_ko-8k.htm'
(Pypdl)  26-03-25 16:16:33 - ERROR: 403, message='Forbidden', url='https://www.sec.gov/ix?doc=/Archives/edgar/data/21344/000155278124000313/e24242_ko-8k.htm'
Traceback (most recent call last):
  File "/home/abdulrauf/Projects/fin_scraper/new_env/lib/python3.12/site-packages/pypdl/producer.py", line 53, in enqueue_tasks
    ) = await self._fetch_task_info(
        ^^^^^^^^^^^^^^^^^^^^^^^^^^^^
  File "/home/abdulrauf/Projects/fin_scraper/new_env/lib/python3.12/site-packages/pypdl/producer.py", line 120, in _fetch_task_info
    header = await self._fetch_header(url, **kwargs)
             ^^^^^^^^^^^^^^^^^^^^^^^^^^^^^^^^^^^^^^^
  File "/home/abdulrauf/Projects/fin_scraper/new_env/lib/python3.12/site-packages/pypdl/producer.py", line 153, in _fetch_header
    async with self._session.get(url, **kwargs) as response:
  File "/home/abdulrauf/Projects/fin_scraper/new_env/lib/python3.12/site-packages/aiohttp/client.py", line 1425, in __aenter__
    self._resp: _RetType = await self._coro
                           ^^^^^^^^^^^^^^^^
  File "/home/abdulrauf/Projects/fin_scraper/new_env/lib/python3.12/site-packages/aiohttp/client.py", line 834, in _request
    resp.raise_for_status()
  File "/home/abdulrauf/Projects/fin_scraper/new_env/lib/python3.12/site-packages/aiohttp/client_reqrep.py", line 1161, in raise_for_status
    raise ClientResponseError(
aiohttp.client_exceptions.ClientResponseError: 403, message='Forbidden', url='https://www.sec.gov/ix?doc=/Archives/edgar/data/21344/000155278124000313/e24242_ko-8k.htm'
(Pypdl)  26-03-25 16:16:37 - ERROR: 403, message='Forbidden', url='https://www.sec.gov/ix?doc=/Archives/edgar/data/21344/000155278124000313/e24242_ko-8k.htm'
Traceback (most recent call last):
  File "/home/abdulrauf/Projects/fin_scraper/new_env/lib/python3.12/site-packages/pypdl/producer.py", line 53, in enqueue_tasks
    ) = await self._fetch_task_info(
        ^^^^^^^^^^^^^^^^^^^^^^^^^^^^
  File "/home/abdulrauf/Projects/fin_scraper/new_env/lib/python3.12/site-packages/pypdl/producer.py", line 120, in _fetch_task_info
    header = await self._fetch_header(url, **kwargs)
             ^^^^^^^^^^^^^^^^^^^^^^^^^^^^^^^^^^^^^^^
  File "/home/abdulrauf/Projects/fin_scraper/new_env/lib/python3.12/site-packages/pypdl/producer.py", line 153, in _fetch_header
    async with self._session.get(url, **kwargs) as response:
  File "/home/abdulrauf/Projects/fin_scraper/new_env/lib/python3.12/site-packages/aiohttp/client.py", line 1425, in __aenter__
    self._resp: _RetType = await self._coro
                           ^^^^^^^^^^^^^^^^
  File "/home/abdulrauf/Projects/fin_scraper/new_env/lib/python3.12/site-packages/aiohttp/client.py", line 834, in _request
    resp.raise_for_status()
  File "/home/abdulrauf/Projects/fin_scraper/new_env/lib/python3.12/site-packages/aiohttp/client_reqrep.py", line 1161, in raise_for_status
    raise ClientResponseError(
aiohttp.client_exceptions.ClientResponseError: 403, message='Forbidden', url='https://www.sec.gov/ix?doc=/Archives/edgar/data/21344/000155278124000313/e24242_ko-8k.htm'
(Pypdl)  26-03-25 16:20:13 - ERROR: 403, message='Forbidden', url='https://www.sec.gov/Archives/edgar/data/21344/000121465922005547/j420222px14a6g.htm'
Traceback (most recent call last):
  File "/home/abdulrauf/Projects/fin_scraper/new_env/lib/python3.12/site-packages/pypdl/producer.py", line 53, in enqueue_tasks
    ) = await self._fetch_task_info(
        ^^^^^^^^^^^^^^^^^^^^^^^^^^^^
  File "/home/abdulrauf/Projects/fin_scraper/new_env/lib/python3.12/site-packages/pypdl/producer.py", line 120, in _fetch_task_info
    header = await self._fetch_header(url, **kwargs)
             ^^^^^^^^^^^^^^^^^^^^^^^^^^^^^^^^^^^^^^^
  File "/home/abdulrauf/Projects/fin_scraper/new_env/lib/python3.12/site-packages/pypdl/producer.py", line 153, in _fetch_header
    async with self._session.get(url, **kwargs) as response:
  File "/home/abdulrauf/Projects/fin_scraper/new_env/lib/python3.12/site-packages/aiohttp/client.py", line 1425, in __aenter__
    self._resp: _RetType = await self._coro
                           ^^^^^^^^^^^^^^^^
  File "/home/abdulrauf/Projects/fin_scraper/new_env/lib/python3.12/site-packages/aiohttp/client.py", line 834, in _request
    resp.raise_for_status()
  File "/home/abdulrauf/Projects/fin_scraper/new_env/lib/python3.12/site-packages/aiohttp/client_reqrep.py", line 1161, in raise_for_status
    raise ClientResponseError(
aiohttp.client_exceptions.ClientResponseError: 403, message='Forbidden', url='https://www.sec.gov/Archives/edgar/data/21344/000121465922005547/j420222px14a6g.htm'
(Pypdl)  26-03-25 16:20:16 - ERROR: 403, message='Forbidden', url='https://www.sec.gov/Archives/edgar/data/21344/000121465922005547/j420222px14a6g.htm'
Traceback (most recent call last):
  File "/home/abdulrauf/Projects/fin_scraper/new_env/lib/python3.12/site-packages/pypdl/producer.py", line 53, in enqueue_tasks
    ) = await self._fetch_task_info(
        ^^^^^^^^^^^^^^^^^^^^^^^^^^^^
  File "/home/abdulrauf/Projects/fin_scraper/new_env/lib/python3.12/site-packages/pypdl/producer.py", line 120, in _fetch_task_info
    header = await self._fetch_header(url, **kwargs)
             ^^^^^^^^^^^^^^^^^^^^^^^^^^^^^^^^^^^^^^^
  File "/home/abdulrauf/Projects/fin_scraper/new_env/lib/python3.12/site-packages/pypdl/producer.py", line 153, in _fetch_header
    async with self._session.get(url, **kwargs) as response:
  File "/home/abdulrauf/Projects/fin_scraper/new_env/lib/python3.12/site-packages/aiohttp/client.py", line 1425, in __aenter__
    self._resp: _RetType = await self._coro
                           ^^^^^^^^^^^^^^^^
  File "/home/abdulrauf/Projects/fin_scraper/new_env/lib/python3.12/site-packages/aiohttp/client.py", line 834, in _request
    resp.raise_for_status()
  File "/home/abdulrauf/Projects/fin_scraper/new_env/lib/python3.12/site-packages/aiohttp/client_reqrep.py", line 1161, in raise_for_status
    raise ClientResponseError(
aiohttp.client_exceptions.ClientResponseError: 403, message='Forbidden', url='https://www.sec.gov/Archives/edgar/data/21344/000121465922005547/j420222px14a6g.htm'
(Pypdl)  26-03-25 16:20:20 - ERROR: 403, message='Forbidden', url='https://www.sec.gov/Archives/edgar/data/21344/000121465922005547/j420222px14a6g.htm'
Traceback (most recent call last):
  File "/home/abdulrauf/Projects/fin_scraper/new_env/lib/python3.12/site-packages/pypdl/producer.py", line 53, in enqueue_tasks
    ) = await self._fetch_task_info(
        ^^^^^^^^^^^^^^^^^^^^^^^^^^^^
  File "/home/abdulrauf/Projects/fin_scraper/new_env/lib/python3.12/site-packages/pypdl/producer.py", line 120, in _fetch_task_info
    header = await self._fetch_header(url, **kwargs)
             ^^^^^^^^^^^^^^^^^^^^^^^^^^^^^^^^^^^^^^^
  File "/home/abdulrauf/Projects/fin_scraper/new_env/lib/python3.12/site-packages/pypdl/producer.py", line 153, in _fetch_header
    async with self._session.get(url, **kwargs) as response:
  File "/home/abdulrauf/Projects/fin_scraper/new_env/lib/python3.12/site-packages/aiohttp/client.py", line 1425, in __aenter__
    self._resp: _RetType = await self._coro
                           ^^^^^^^^^^^^^^^^
  File "/home/abdulrauf/Projects/fin_scraper/new_env/lib/python3.12/site-packages/aiohttp/client.py", line 834, in _request
    resp.raise_for_status()
  File "/home/abdulrauf/Projects/fin_scraper/new_env/lib/python3.12/site-packages/aiohttp/client_reqrep.py", line 1161, in raise_for_status
    raise ClientResponseError(
aiohttp.client_exceptions.ClientResponseError: 403, message='Forbidden', url='https://www.sec.gov/Archives/edgar/data/21344/000121465922005547/j420222px14a6g.htm'
(Pypdl)  26-03-25 16:20:23 - ERROR: 403, message='Forbidden', url='https://www.sec.gov/Archives/edgar/data/21344/000121465922005547/j420222px14a6g.htm'
Traceback (most recent call last):
  File "/home/abdulrauf/Projects/fin_scraper/new_env/lib/python3.12/site-packages/pypdl/producer.py", line 53, in enqueue_tasks
    ) = await self._fetch_task_info(
        ^^^^^^^^^^^^^^^^^^^^^^^^^^^^
  File "/home/abdulrauf/Projects/fin_scraper/new_env/lib/python3.12/site-packages/pypdl/producer.py", line 120, in _fetch_task_info
    header = await self._fetch_header(url, **kwargs)
             ^^^^^^^^^^^^^^^^^^^^^^^^^^^^^^^^^^^^^^^
  File "/home/abdulrauf/Projects/fin_scraper/new_env/lib/python3.12/site-packages/pypdl/producer.py", line 153, in _fetch_header
    async with self._session.get(url, **kwargs) as response:
  File "/home/abdulrauf/Projects/fin_scraper/new_env/lib/python3.12/site-packages/aiohttp/client.py", line 1425, in __aenter__
    self._resp: _RetType = await self._coro
                           ^^^^^^^^^^^^^^^^
  File "/home/abdulrauf/Projects/fin_scraper/new_env/lib/python3.12/site-packages/aiohttp/client.py", line 834, in _request
    resp.raise_for_status()
  File "/home/abdulrauf/Projects/fin_scraper/new_env/lib/python3.12/site-packages/aiohttp/client_reqrep.py", line 1161, in raise_for_status
    raise ClientResponseError(
aiohttp.client_exceptions.ClientResponseError: 403, message='Forbidden', url='https://www.sec.gov/Archives/edgar/data/21344/000121465922005547/j420222px14a6g.htm'
(Pypdl)  26-03-25 16:20:31 - ERROR: 403, message='Forbidden', url='https://www.sec.gov/Archives/edgar/data/21344/000087666120000786/KO8A091820.pdf'
Traceback (most recent call last):
  File "/home/abdulrauf/Projects/fin_scraper/new_env/lib/python3.12/site-packages/pypdl/producer.py", line 53, in enqueue_tasks
    ) = await self._fetch_task_info(
        ^^^^^^^^^^^^^^^^^^^^^^^^^^^^
  File "/home/abdulrauf/Projects/fin_scraper/new_env/lib/python3.12/site-packages/pypdl/producer.py", line 120, in _fetch_task_info
    header = await self._fetch_header(url, **kwargs)
             ^^^^^^^^^^^^^^^^^^^^^^^^^^^^^^^^^^^^^^^
  File "/home/abdulrauf/Projects/fin_scraper/new_env/lib/python3.12/site-packages/pypdl/producer.py", line 153, in _fetch_header
    async with self._session.get(url, **kwargs) as response:
  File "/home/abdulrauf/Projects/fin_scraper/new_env/lib/python3.12/site-packages/aiohttp/client.py", line 1425, in __aenter__
    self._resp: _RetType = await self._coro
                           ^^^^^^^^^^^^^^^^
  File "/home/abdulrauf/Projects/fin_scraper/new_env/lib/python3.12/site-packages/aiohttp/client.py", line 834, in _request
    resp.raise_for_status()
  File "/home/abdulrauf/Projects/fin_scraper/new_env/lib/python3.12/site-packages/aiohttp/client_reqrep.py", line 1161, in raise_for_status
    raise ClientResponseError(
aiohttp.client_exceptions.ClientResponseError: 403, message='Forbidden', url='https://www.sec.gov/Archives/edgar/data/21344/000087666120000786/KO8A091820.pdf'
(Pypdl)  26-03-25 16:20:35 - ERROR: 403, message='Forbidden', url='https://www.sec.gov/Archives/edgar/data/21344/000087666120000786/KO8A091820.pdf'
Traceback (most recent call last):
  File "/home/abdulrauf/Projects/fin_scraper/new_env/lib/python3.12/site-packages/pypdl/producer.py", line 53, in enqueue_tasks
    ) = await self._fetch_task_info(
        ^^^^^^^^^^^^^^^^^^^^^^^^^^^^
  File "/home/abdulrauf/Projects/fin_scraper/new_env/lib/python3.12/site-packages/pypdl/producer.py", line 120, in _fetch_task_info
    header = await self._fetch_header(url, **kwargs)
             ^^^^^^^^^^^^^^^^^^^^^^^^^^^^^^^^^^^^^^^
  File "/home/abdulrauf/Projects/fin_scraper/new_env/lib/python3.12/site-packages/pypdl/producer.py", line 153, in _fetch_header
    async with self._session.get(url, **kwargs) as response:
  File "/home/abdulrauf/Projects/fin_scraper/new_env/lib/python3.12/site-packages/aiohttp/client.py", line 1425, in __aenter__
    self._resp: _RetType = await self._coro
                           ^^^^^^^^^^^^^^^^
  File "/home/abdulrauf/Projects/fin_scraper/new_env/lib/python3.12/site-packages/aiohttp/client.py", line 834, in _request
    resp.raise_for_status()
  File "/home/abdulrauf/Projects/fin_scraper/new_env/lib/python3.12/site-packages/aiohttp/client_reqrep.py", line 1161, in raise_for_status
    raise ClientResponseError(
aiohttp.client_exceptions.ClientResponseError: 403, message='Forbidden', url='https://www.sec.gov/Archives/edgar/data/21344/000087666120000786/KO8A091820.pdf'
(Pypdl)  26-03-25 16:20:38 - ERROR: 403, message='Forbidden', url='https://www.sec.gov/Archives/edgar/data/21344/000087666120000786/KO8A091820.pdf'
Traceback (most recent call last):
  File "/home/abdulrauf/Projects/fin_scraper/new_env/lib/python3.12/site-packages/pypdl/producer.py", line 53, in enqueue_tasks
    ) = await self._fetch_task_info(
        ^^^^^^^^^^^^^^^^^^^^^^^^^^^^
  File "/home/abdulrauf/Projects/fin_scraper/new_env/lib/python3.12/site-packages/pypdl/producer.py", line 120, in _fetch_task_info
    header = await self._fetch_header(url, **kwargs)
             ^^^^^^^^^^^^^^^^^^^^^^^^^^^^^^^^^^^^^^^
  File "/home/abdulrauf/Projects/fin_scraper/new_env/lib/python3.12/site-packages/pypdl/producer.py", line 153, in _fetch_header
    async with self._session.get(url, **kwargs) as response:
  File "/home/abdulrauf/Projects/fin_scraper/new_env/lib/python3.12/site-packages/aiohttp/client.py", line 1425, in __aenter__
    self._resp: _RetType = await self._coro
                           ^^^^^^^^^^^^^^^^
  File "/home/abdulrauf/Projects/fin_scraper/new_env/lib/python3.12/site-packages/aiohttp/client.py", line 834, in _request
    resp.raise_for_status()
  File "/home/abdulrauf/Projects/fin_scraper/new_env/lib/python3.12/site-packages/aiohttp/client_reqrep.py", line 1161, in raise_for_status
    raise ClientResponseError(
aiohttp.client_exceptions.ClientResponseError: 403, message='Forbidden', url='https://www.sec.gov/Archives/edgar/data/21344/000087666120000786/KO8A091820.pdf'
(Pypdl)  26-03-25 16:20:41 - ERROR: 403, message='Forbidden', url='https://www.sec.gov/Archives/edgar/data/21344/000087666120000786/KO8A091820.pdf'
Traceback (most recent call last):
  File "/home/abdulrauf/Projects/fin_scraper/new_env/lib/python3.12/site-packages/pypdl/producer.py", line 53, in enqueue_tasks
    ) = await self._fetch_task_info(
        ^^^^^^^^^^^^^^^^^^^^^^^^^^^^
  File "/home/abdulrauf/Projects/fin_scraper/new_env/lib/python3.12/site-packages/pypdl/producer.py", line 120, in _fetch_task_info
    header = await self._fetch_header(url, **kwargs)
             ^^^^^^^^^^^^^^^^^^^^^^^^^^^^^^^^^^^^^^^
  File "/home/abdulrauf/Projects/fin_scraper/new_env/lib/python3.12/site-packages/pypdl/producer.py", line 153, in _fetch_header
    async with self._session.get(url, **kwargs) as response:
  File "/home/abdulrauf/Projects/fin_scraper/new_env/lib/python3.12/site-packages/aiohttp/client.py", line 1425, in __aenter__
    self._resp: _RetType = await self._coro
                           ^^^^^^^^^^^^^^^^
  File "/home/abdulrauf/Projects/fin_scraper/new_env/lib/python3.12/site-packages/aiohttp/client.py", line 834, in _request
    resp.raise_for_status()
  File "/home/abdulrauf/Projects/fin_scraper/new_env/lib/python3.12/site-packages/aiohttp/client_reqrep.py", line 1161, in raise_for_status
    raise ClientResponseError(
aiohttp.client_exceptions.ClientResponseError: 403, message='Forbidden', url='https://www.sec.gov/Archives/edgar/data/21344/000087666120000786/KO8A091820.pdf'
(Pypdl)  26-03-25 16:21:54 - ERROR: 403, message='Forbidden', url='https://www.sec.gov/Archives/edgar/data/21344/000087666120000786/KO8A091820.pdf'
Traceback (most recent call last):
  File "/home/abdulrauf/Projects/fin_scraper/new_env/lib/python3.12/site-packages/pypdl/producer.py", line 53, in enqueue_tasks
    ) = await self._fetch_task_info(
        ^^^^^^^^^^^^^^^^^^^^^^^^^^^^
  File "/home/abdulrauf/Projects/fin_scraper/new_env/lib/python3.12/site-packages/pypdl/producer.py", line 120, in _fetch_task_info
    header = await self._fetch_header(url, **kwargs)
             ^^^^^^^^^^^^^^^^^^^^^^^^^^^^^^^^^^^^^^^
  File "/home/abdulrauf/Projects/fin_scraper/new_env/lib/python3.12/site-packages/pypdl/producer.py", line 153, in _fetch_header
    async with self._session.get(url, **kwargs) as response:
  File "/home/abdulrauf/Projects/fin_scraper/new_env/lib/python3.12/site-packages/aiohttp/client.py", line 1425, in __aenter__
    self._resp: _RetType = await self._coro
                           ^^^^^^^^^^^^^^^^
  File "/home/abdulrauf/Projects/fin_scraper/new_env/lib/python3.12/site-packages/aiohttp/client.py", line 834, in _request
    resp.raise_for_status()
  File "/home/abdulrauf/Projects/fin_scraper/new_env/lib/python3.12/site-packages/aiohttp/client_reqrep.py", line 1161, in raise_for_status
    raise ClientResponseError(
aiohttp.client_exceptions.ClientResponseError: 403, message='Forbidden', url='https://www.sec.gov/Archives/edgar/data/21344/000087666120000786/KO8A091820.pdf'
(Pypdl)  26-03-25 16:21:57 - ERROR: 403, message='Forbidden', url='https://www.sec.gov/Archives/edgar/data/21344/000087666120000786/KO8A091820.pdf'
Traceback (most recent call last):
  File "/home/abdulrauf/Projects/fin_scraper/new_env/lib/python3.12/site-packages/pypdl/producer.py", line 53, in enqueue_tasks
    ) = await self._fetch_task_info(
        ^^^^^^^^^^^^^^^^^^^^^^^^^^^^
  File "/home/abdulrauf/Projects/fin_scraper/new_env/lib/python3.12/site-packages/pypdl/producer.py", line 120, in _fetch_task_info
    header = await self._fetch_header(url, **kwargs)
             ^^^^^^^^^^^^^^^^^^^^^^^^^^^^^^^^^^^^^^^
  File "/home/abdulrauf/Projects/fin_scraper/new_env/lib/python3.12/site-packages/pypdl/producer.py", line 153, in _fetch_header
    async with self._session.get(url, **kwargs) as response:
  File "/home/abdulrauf/Projects/fin_scraper/new_env/lib/python3.12/site-packages/aiohttp/client.py", line 1425, in __aenter__
    self._resp: _RetType = await self._coro
                           ^^^^^^^^^^^^^^^^
  File "/home/abdulrauf/Projects/fin_scraper/new_env/lib/python3.12/site-packages/aiohttp/client.py", line 834, in _request
    resp.raise_for_status()
  File "/home/abdulrauf/Projects/fin_scraper/new_env/lib/python3.12/site-packages/aiohttp/client_reqrep.py", line 1161, in raise_for_status
    raise ClientResponseError(
aiohttp.client_exceptions.ClientResponseError: 403, message='Forbidden', url='https://www.sec.gov/Archives/edgar/data/21344/000087666120000786/KO8A091820.pdf'
(Pypdl)  26-03-25 16:22:01 - ERROR: 403, message='Forbidden', url='https://www.sec.gov/Archives/edgar/data/21344/000087666120000786/KO8A091820.pdf'
Traceback (most recent call last):
  File "/home/abdulrauf/Projects/fin_scraper/new_env/lib/python3.12/site-packages/pypdl/producer.py", line 53, in enqueue_tasks
    ) = await self._fetch_task_info(
        ^^^^^^^^^^^^^^^^^^^^^^^^^^^^
  File "/home/abdulrauf/Projects/fin_scraper/new_env/lib/python3.12/site-packages/pypdl/producer.py", line 120, in _fetch_task_info
    header = await self._fetch_header(url, **kwargs)
             ^^^^^^^^^^^^^^^^^^^^^^^^^^^^^^^^^^^^^^^
  File "/home/abdulrauf/Projects/fin_scraper/new_env/lib/python3.12/site-packages/pypdl/producer.py", line 153, in _fetch_header
    async with self._session.get(url, **kwargs) as response:
  File "/home/abdulrauf/Projects/fin_scraper/new_env/lib/python3.12/site-packages/aiohttp/client.py", line 1425, in __aenter__
    self._resp: _RetType = await self._coro
                           ^^^^^^^^^^^^^^^^
  File "/home/abdulrauf/Projects/fin_scraper/new_env/lib/python3.12/site-packages/aiohttp/client.py", line 834, in _request
    resp.raise_for_status()
  File "/home/abdulrauf/Projects/fin_scraper/new_env/lib/python3.12/site-packages/aiohttp/client_reqrep.py", line 1161, in raise_for_status
    raise ClientResponseError(
aiohttp.client_exceptions.ClientResponseError: 403, message='Forbidden', url='https://www.sec.gov/Archives/edgar/data/21344/000087666120000786/KO8A091820.pdf'
(Pypdl)  26-03-25 16:22:04 - ERROR: 403, message='Forbidden', url='https://www.sec.gov/Archives/edgar/data/21344/000087666120000786/KO8A091820.pdf'
Traceback (most recent call last):
  File "/home/abdulrauf/Projects/fin_scraper/new_env/lib/python3.12/site-packages/pypdl/producer.py", line 53, in enqueue_tasks
    ) = await self._fetch_task_info(
        ^^^^^^^^^^^^^^^^^^^^^^^^^^^^
  File "/home/abdulrauf/Projects/fin_scraper/new_env/lib/python3.12/site-packages/pypdl/producer.py", line 120, in _fetch_task_info
    header = await self._fetch_header(url, **kwargs)
             ^^^^^^^^^^^^^^^^^^^^^^^^^^^^^^^^^^^^^^^
  File "/home/abdulrauf/Projects/fin_scraper/new_env/lib/python3.12/site-packages/pypdl/producer.py", line 153, in _fetch_header
    async with self._session.get(url, **kwargs) as response:
  File "/home/abdulrauf/Projects/fin_scraper/new_env/lib/python3.12/site-packages/aiohttp/client.py", line 1425, in __aenter__
    self._resp: _RetType = await self._coro
                           ^^^^^^^^^^^^^^^^
  File "/home/abdulrauf/Projects/fin_scraper/new_env/lib/python3.12/site-packages/aiohttp/client.py", line 834, in _request
    resp.raise_for_status()
  File "/home/abdulrauf/Projects/fin_scraper/new_env/lib/python3.12/site-packages/aiohttp/client_reqrep.py", line 1161, in raise_for_status
    raise ClientResponseError(
aiohttp.client_exceptions.ClientResponseError: 403, message='Forbidden', url='https://www.sec.gov/Archives/edgar/data/21344/000087666120000786/KO8A091820.pdf'
(Pypdl)  26-03-25 16:22:31 - ERROR: 403, message='Forbidden', url='https://www.sec.gov/Archives/edgar/data/21344/000087666120000786/KO8A091820.pdf'
Traceback (most recent call last):
  File "/home/abdulrauf/Projects/fin_scraper/new_env/lib/python3.12/site-packages/pypdl/producer.py", line 53, in enqueue_tasks
    ) = await self._fetch_task_info(
        ^^^^^^^^^^^^^^^^^^^^^^^^^^^^
  File "/home/abdulrauf/Projects/fin_scraper/new_env/lib/python3.12/site-packages/pypdl/producer.py", line 120, in _fetch_task_info
    header = await self._fetch_header(url, **kwargs)
             ^^^^^^^^^^^^^^^^^^^^^^^^^^^^^^^^^^^^^^^
  File "/home/abdulrauf/Projects/fin_scraper/new_env/lib/python3.12/site-packages/pypdl/producer.py", line 153, in _fetch_header
    async with self._session.get(url, **kwargs) as response:
  File "/home/abdulrauf/Projects/fin_scraper/new_env/lib/python3.12/site-packages/aiohttp/client.py", line 1425, in __aenter__
    self._resp: _RetType = await self._coro
                           ^^^^^^^^^^^^^^^^
  File "/home/abdulrauf/Projects/fin_scraper/new_env/lib/python3.12/site-packages/aiohttp/client.py", line 834, in _request
    resp.raise_for_status()
  File "/home/abdulrauf/Projects/fin_scraper/new_env/lib/python3.12/site-packages/aiohttp/client_reqrep.py", line 1161, in raise_for_status
    raise ClientResponseError(
aiohttp.client_exceptions.ClientResponseError: 403, message='Forbidden', url='https://www.sec.gov/Archives/edgar/data/21344/000087666120000786/KO8A091820.pdf'
(Pypdl)  26-03-25 16:22:35 - ERROR: 403, message='Forbidden', url='https://www.sec.gov/Archives/edgar/data/21344/000087666120000786/KO8A091820.pdf'
Traceback (most recent call last):
  File "/home/abdulrauf/Projects/fin_scraper/new_env/lib/python3.12/site-packages/pypdl/producer.py", line 53, in enqueue_tasks
    ) = await self._fetch_task_info(
        ^^^^^^^^^^^^^^^^^^^^^^^^^^^^
  File "/home/abdulrauf/Projects/fin_scraper/new_env/lib/python3.12/site-packages/pypdl/producer.py", line 120, in _fetch_task_info
    header = await self._fetch_header(url, **kwargs)
             ^^^^^^^^^^^^^^^^^^^^^^^^^^^^^^^^^^^^^^^
  File "/home/abdulrauf/Projects/fin_scraper/new_env/lib/python3.12/site-packages/pypdl/producer.py", line 153, in _fetch_header
    async with self._session.get(url, **kwargs) as response:
  File "/home/abdulrauf/Projects/fin_scraper/new_env/lib/python3.12/site-packages/aiohttp/client.py", line 1425, in __aenter__
    self._resp: _RetType = await self._coro
                           ^^^^^^^^^^^^^^^^
  File "/home/abdulrauf/Projects/fin_scraper/new_env/lib/python3.12/site-packages/aiohttp/client.py", line 834, in _request
    resp.raise_for_status()
  File "/home/abdulrauf/Projects/fin_scraper/new_env/lib/python3.12/site-packages/aiohttp/client_reqrep.py", line 1161, in raise_for_status
    raise ClientResponseError(
aiohttp.client_exceptions.ClientResponseError: 403, message='Forbidden', url='https://www.sec.gov/Archives/edgar/data/21344/000087666120000786/KO8A091820.pdf'
(Pypdl)  26-03-25 16:22:38 - ERROR: 403, message='Forbidden', url='https://www.sec.gov/Archives/edgar/data/21344/000087666120000786/KO8A091820.pdf'
Traceback (most recent call last):
  File "/home/abdulrauf/Projects/fin_scraper/new_env/lib/python3.12/site-packages/pypdl/producer.py", line 53, in enqueue_tasks
    ) = await self._fetch_task_info(
        ^^^^^^^^^^^^^^^^^^^^^^^^^^^^
  File "/home/abdulrauf/Projects/fin_scraper/new_env/lib/python3.12/site-packages/pypdl/producer.py", line 120, in _fetch_task_info
    header = await self._fetch_header(url, **kwargs)
             ^^^^^^^^^^^^^^^^^^^^^^^^^^^^^^^^^^^^^^^
  File "/home/abdulrauf/Projects/fin_scraper/new_env/lib/python3.12/site-packages/pypdl/producer.py", line 153, in _fetch_header
    async with self._session.get(url, **kwargs) as response:
  File "/home/abdulrauf/Projects/fin_scraper/new_env/lib/python3.12/site-packages/aiohttp/client.py", line 1425, in __aenter__
    self._resp: _RetType = await self._coro
                           ^^^^^^^^^^^^^^^^
  File "/home/abdulrauf/Projects/fin_scraper/new_env/lib/python3.12/site-packages/aiohttp/client.py", line 834, in _request
    resp.raise_for_status()
  File "/home/abdulrauf/Projects/fin_scraper/new_env/lib/python3.12/site-packages/aiohttp/client_reqrep.py", line 1161, in raise_for_status
    raise ClientResponseError(
aiohttp.client_exceptions.ClientResponseError: 403, message='Forbidden', url='https://www.sec.gov/Archives/edgar/data/21344/000087666120000786/KO8A091820.pdf'
(Pypdl)  26-03-25 16:22:42 - ERROR: 403, message='Forbidden', url='https://www.sec.gov/Archives/edgar/data/21344/000087666120000786/KO8A091820.pdf'
Traceback (most recent call last):
  File "/home/abdulrauf/Projects/fin_scraper/new_env/lib/python3.12/site-packages/pypdl/producer.py", line 53, in enqueue_tasks
    ) = await self._fetch_task_info(
        ^^^^^^^^^^^^^^^^^^^^^^^^^^^^
  File "/home/abdulrauf/Projects/fin_scraper/new_env/lib/python3.12/site-packages/pypdl/producer.py", line 120, in _fetch_task_info
    header = await self._fetch_header(url, **kwargs)
             ^^^^^^^^^^^^^^^^^^^^^^^^^^^^^^^^^^^^^^^
  File "/home/abdulrauf/Projects/fin_scraper/new_env/lib/python3.12/site-packages/pypdl/producer.py", line 153, in _fetch_header
    async with self._session.get(url, **kwargs) as response:
  File "/home/abdulrauf/Projects/fin_scraper/new_env/lib/python3.12/site-packages/aiohttp/client.py", line 1425, in __aenter__
    self._resp: _RetType = await self._coro
                           ^^^^^^^^^^^^^^^^
  File "/home/abdulrauf/Projects/fin_scraper/new_env/lib/python3.12/site-packages/aiohttp/client.py", line 834, in _request
    resp.raise_for_status()
  File "/home/abdulrauf/Projects/fin_scraper/new_env/lib/python3.12/site-packages/aiohttp/client_reqrep.py", line 1161, in raise_for_status
    raise ClientResponseError(
aiohttp.client_exceptions.ClientResponseError: 403, message='Forbidden', url='https://www.sec.gov/Archives/edgar/data/21344/000087666120000786/KO8A091820.pdf'
(Pypdl)  26-03-25 21:51:08 - ERROR: Incorrect segment size: expected 18430 bytes, received 92150 bytes
Traceback (most recent call last):
  File "/home/abdulrauf/Projects/fin_scraper/new_env/lib/python3.12/site-packages/pypdl/consumer.py", line 53, in process_tasks
    await self._download(task)
  File "/home/abdulrauf/Projects/fin_scraper/new_env/lib/python3.12/site-packages/pypdl/consumer.py", line 98, in _download
    await self._multi_segment(segment_table, file_path, speed_limit, **kwargs)
  File "/home/abdulrauf/Projects/fin_scraper/new_env/lib/python3.12/site-packages/pypdl/consumer.py", line 115, in _multi_segment
    await auto_cancel_gather(*tasks)
  File "/home/abdulrauf/Projects/fin_scraper/new_env/lib/python3.12/site-packages/pypdl/utils.py", line 312, in auto_cancel_gather
    return await asyncio.gather(*tasks, **kwargs)
           ^^^^^^^^^^^^^^^^^^^^^^^^^^^^^^^^^^^^^^
  File "/home/abdulrauf/Projects/fin_scraper/new_env/lib/python3.12/site-packages/pypdl/downloader.py", line 74, in worker
    raise Exception(
Exception: Incorrect segment size: expected 18430 bytes, received 92150 bytes
(Pypdl)  26-03-25 21:51:09 - ERROR: Incorrect segment size: expected 18430 bytes, received 92150 bytes
Traceback (most recent call last):
  File "/home/abdulrauf/Projects/fin_scraper/new_env/lib/python3.12/site-packages/pypdl/consumer.py", line 53, in process_tasks
    await self._download(task)
  File "/home/abdulrauf/Projects/fin_scraper/new_env/lib/python3.12/site-packages/pypdl/consumer.py", line 98, in _download
    await self._multi_segment(segment_table, file_path, speed_limit, **kwargs)
  File "/home/abdulrauf/Projects/fin_scraper/new_env/lib/python3.12/site-packages/pypdl/consumer.py", line 115, in _multi_segment
    await auto_cancel_gather(*tasks)
  File "/home/abdulrauf/Projects/fin_scraper/new_env/lib/python3.12/site-packages/pypdl/utils.py", line 312, in auto_cancel_gather
    return await asyncio.gather(*tasks, **kwargs)
           ^^^^^^^^^^^^^^^^^^^^^^^^^^^^^^^^^^^^^^
  File "/home/abdulrauf/Projects/fin_scraper/new_env/lib/python3.12/site-packages/pypdl/downloader.py", line 74, in worker
    raise Exception(
Exception: Incorrect segment size: expected 18430 bytes, received 92150 bytes
(Pypdl)  26-03-25 21:51:10 - ERROR: Incorrect segment size: expected 18430 bytes, received 92150 bytes
Traceback (most recent call last):
  File "/home/abdulrauf/Projects/fin_scraper/new_env/lib/python3.12/site-packages/pypdl/consumer.py", line 53, in process_tasks
    await self._download(task)
  File "/home/abdulrauf/Projects/fin_scraper/new_env/lib/python3.12/site-packages/pypdl/consumer.py", line 98, in _download
    await self._multi_segment(segment_table, file_path, speed_limit, **kwargs)
  File "/home/abdulrauf/Projects/fin_scraper/new_env/lib/python3.12/site-packages/pypdl/consumer.py", line 115, in _multi_segment
    await auto_cancel_gather(*tasks)
  File "/home/abdulrauf/Projects/fin_scraper/new_env/lib/python3.12/site-packages/pypdl/utils.py", line 312, in auto_cancel_gather
    return await asyncio.gather(*tasks, **kwargs)
           ^^^^^^^^^^^^^^^^^^^^^^^^^^^^^^^^^^^^^^
  File "/home/abdulrauf/Projects/fin_scraper/new_env/lib/python3.12/site-packages/pypdl/downloader.py", line 74, in worker
    raise Exception(
Exception: Incorrect segment size: expected 18430 bytes, received 92150 bytes
